04-19 11:43:48.446  3941  4059 I IconCustomizer: find better bitmap : 132, for com.example.sign_buddy
04-19 11:43:48.446  2821  3512 D ShortcutService: handlePackageUpdateFinished: com.example.sign_buddy user=0
04-19 11:43:48.446  2821  3512 D ShortcutService: rescanPackageIfNeeded 0@com.example.sign_buddy, forceRescan=true , isNewApp=true
04-19 11:43:48.447  2821  3512 D ShortcutService: Package com.example.sign_buddy has 0 manifest shortcut(s), and 0 share target(s)
04-19 11:43:48.447  3941  4059 I IconCustomizer: find better bitmap : 156, for com.example.sign_buddy
04-19 11:43:48.450 17301 17301 D MST_PackageCache: onPackageRemoved:com.example.sign_buddy
04-19 11:43:48.455  7149  8162 D AppInstalledReceiver: packageName: com.example.sign_buddy
04-19 11:43:48.442  3912  3912 D CarrierSvcBindHelper: onPackageUpdateFinished: com.example.sign_buddy
04-19 11:43:48.460  3912  3912 D CarrierSvcBindHelper: onPackageModified: com.example.sign_buddy
04-19 11:43:48.461  3912  4363 D ImsResolver: maybeAddedImsService, packageName: com.example.sign_buddy
04-19 11:43:48.475 17301 17301 D MST_PackageCache: onPackageAdded:com.example.sign_buddy
04-19 11:43:48.476  2821  2821 I Telecom : CarModeTracker: Package com.example.sign_buddy is not tracked.: SSH.oR@P4M
04-19 11:43:48.483  3941  4059 I IconCustomizer: find better bitmap : 180, for com.example.sign_buddy
04-19 11:43:48.484  3941  4059 D IconCustomizer: Generate customized icon for com.example.sign_buddy.png, true
04-19 11:43:48.484  3941  4059 I IconCustomizer: composeIconWithTrans FullMask: for com.example.sign_buddy.png
04-19 11:43:48.491 13652 13652 I PI-ScanDispatch: service bind, pkgName = com.example.sign_buddy, installer = null, isReplace = true, firstGoogleTime = 1705747766661
04-19 11:43:48.493  3941  4059 D Launcher.AllAppsList: updatePackage, packageName=com.example.sign_buddy, loadMissing=false, user=UserHandle{0}, matchedSize=1
04-19 11:43:48.494  3941  4059 D Launcher.AllAppsList: updatePackage, find appInfo=AppInfo, id=-1, itemType=0, user=UserHandle{0}, mIconType=0, pkgName=com.example.sign_buddy, className=com.example.sign_buddy.MainActivity, screenId=-1, container=-1, cellX=-1, cellY=-1, spanX=1, spanY=1 from ComponentInfo{com.example.sign_buddy/com.example.sign_buddy.MainActivity}
04-19 11:43:48.497  3941  4059 D Launcher.Model: onReceiveBackground, mAllAppsList=add=[], remove=[], modified=[(0, AppInfo, id=-1, itemType=0, user=UserHandle{0}, mIconType=0, pkgName=com.example.sign_buddy, className=com.example.sign_buddy.MainActivity, screenId=-1, container=-1, cellX=-1, cellY=-1, spanX=1, spanY=1)]
04-19 11:43:48.507  3941  4032 W PreviewDisappear: getIcon info target: ComponentInfo{com.example.sign_buddy/com.example.sign_buddy.MainActivity}
04-19 11:43:48.507  3941  4032 W PreviewDisappear: getIcon info intent: Intent { act=android.intent.action.MAIN cat=[android.intent.category.LAUNCHER] flg=0x10200000 cmp=com.example.sign_buddy/.MainActivity (has extras) }
04-19 11:43:48.512 13647 13647 I SafetyLabelChangedBroadcastReceiver: received broadcast packageName: com.example.sign_buddy, current user: UserHandle{0}, packageChangeEvent: UPDATE, intent user: UserHandle{0}
04-19 11:43:48.519   806   806 D ActivityThread: Package [com.example.sign_buddy] reported as REPLACED, but missing application info. Assuming REMOVED.
04-19 11:43:48.519 10811 10811 D ActivityThread: Package [com.example.sign_buddy] reported as REPLACED, but missing application info. Assuming REMOVED.
04-19 11:43:48.519  5702  5702 D ActivityThread: Package [com.example.sign_buddy] reported as REPLACED, but missing application info. Assuming REMOVED.
04-19 11:43:48.519 23617 23617 D ActivityThread: Package [com.example.sign_buddy] reported as REPLACED, but missing application info. Assuming REMOVED.
04-19 11:43:48.520 10506 10506 D ActivityThread: Package [com.example.sign_buddy] reported as REPLACED, but missing application info. Assuming REMOVED.
04-19 11:43:48.520   505   505 D ActivityThread: Package [com.example.sign_buddy] reported as REPLACED, but missing application info. Assuming REMOVED.
04-19 11:43:48.520 26014 26014 D ActivityThread: Package [com.example.sign_buddy] reported as REPLACED, but missing application info. Assuming REMOVED.
04-19 11:43:48.520  4372  4372 D ActivityThread: Package [com.example.sign_buddy] reported as REPLACED, but missing application info. Assuming REMOVED.
04-19 11:43:48.521  5519  5519 D ActivityThread: Package [com.example.sign_buddy] reported as REPLACED, but missing application info. Assuming REMOVED.
04-19 11:43:48.522  9366  9366 D ActivityThread: Package [com.example.sign_buddy] reported as REPLACED, but missing application info. Assuming REMOVED.
04-19 11:43:48.522 13652 13652 D ActivityThread: Package [com.example.sign_buddy] reported as REPLACED, but missing application info. Assuming REMOVED.
04-19 11:43:48.522 21496 21496 D ActivityThread: Package [com.example.sign_buddy] reported as REPLACED, but missing application info. Assuming REMOVED.
04-19 11:43:48.523 21520 21520 D ActivityThread: Package [com.example.sign_buddy] reported as REPLACED, but missing application info. Assuming REMOVED.
04-19 11:43:48.523 21671 21671 D ActivityThread: Package [com.example.sign_buddy] reported as REPLACED, but missing application info. Assuming REMOVED.
04-19 11:43:48.523 21933 21933 D ActivityThread: Package [com.example.sign_buddy] reported as REPLACED, but missing application info. Assuming REMOVED.
04-19 11:43:48.523 11508 11508 D ActivityThread: Package [com.example.sign_buddy] reported as REPLACED, but missing application info. Assuming REMOVED.
04-19 11:43:48.523 22656 22656 D ActivityThread: Package [com.example.sign_buddy] reported as REPLACED, but missing application info. Assuming REMOVED.
04-19 11:43:48.523 14052 14052 D ActivityThread: Package [com.example.sign_buddy] reported as REPLACED, but missing application info. Assuming REMOVED.
04-19 11:43:48.524 12078 12078 D ActivityThread: Package [com.example.sign_buddy] reported as REPLACED, but missing application info. Assuming REMOVED.
04-19 11:43:48.524 14270 14270 D ActivityThread: Package [com.example.sign_buddy] reported as REPLACED, but missing application info. Assuming REMOVED.
04-19 11:43:48.524  6144  6144 D ActivityThread: Package [com.example.sign_buddy] reported as REPLACED, but missing application info. Assuming REMOVED.
04-19 11:43:48.524 12994 12994 D ActivityThread: Package [com.example.sign_buddy] reported as REPLACED, but missing application info. Assuming REMOVED.
04-19 11:43:48.524 14019 14019 D ActivityThread: Package [com.example.sign_buddy] reported as REPLACED, but missing application info. Assuming REMOVED.
04-19 11:43:48.524  5088  5088 D ActivityThread: Package [com.example.sign_buddy] reported as REPLACED, but missing application info. Assuming REMOVED.
04-19 11:43:48.525 27624 27624 D ActivityThread: Package [com.example.sign_buddy] reported as REPLACED, but missing application info. Assuming REMOVED.
04-19 11:43:48.525 17770 17770 D ActivityThread: Package [com.example.sign_buddy] reported as REPLACED, but missing application info. Assuming REMOVED.
04-19 11:43:48.525 13617 13617 D ActivityThread: Package [com.example.sign_buddy] reported as REPLACED, but missing application info. Assuming REMOVED.
04-19 11:43:48.525  5865  5865 D ActivityThread: Package [com.example.sign_buddy] reported as REPLACED, but missing application info. Assuming REMOVED.
04-19 11:43:48.525 14051 14051 D ActivityThread: Package [com.example.sign_buddy] reported as REPLACED, but missing application info. Assuming REMOVED.
04-19 11:43:48.525 17280 17280 D ActivityThread: Package [com.example.sign_buddy] reported as REPLACED, but missing application info. Assuming REMOVED.
04-19 11:43:48.525  4805  4805 D ActivityThread: Package [com.example.sign_buddy] reported as REPLACED, but missing application info. Assuming REMOVED.
04-19 11:43:48.525 14135 14135 D ActivityThread: Package [com.example.sign_buddy] reported as REPLACED, but missing application info. Assuming REMOVED.
04-19 11:43:48.525 13002 13002 D ActivityThread: Package [com.example.sign_buddy] reported as REPLACED, but missing application info. Assuming REMOVED.
04-19 11:43:48.526 21524 21524 D ActivityThread: Package [com.example.sign_buddy] reported as REPLACED, but missing application info. Assuming REMOVED.
04-19 11:43:48.526  7706  7706 D ActivityThread: Package [com.example.sign_buddy] reported as REPLACED, but missing application info. Assuming REMOVED.
04-19 11:43:48.526  9845  9845 D ActivityThread: Package [com.example.sign_buddy] reported as REPLACED, but missing application info. Assuming REMOVED.
04-19 11:43:48.526  9320  9320 D ActivityThread: Package [com.example.sign_buddy] reported as REPLACED, but missing application info. Assuming REMOVED.
04-19 11:43:48.526 16751 16751 D ActivityThread: Package [com.example.sign_buddy] reported as REPLACED, but missing application info. Assuming REMOVED.
04-19 11:43:48.526 26889 26889 D ActivityThread: Package [com.example.sign_buddy] reported as REPLACED, but missing application info. Assuming REMOVED.
04-19 11:43:48.526 22654 22654 D ActivityThread: Package [com.example.sign_buddy] reported as REPLACED, but missing application info. Assuming REMOVED.
04-19 11:43:48.527  8725  8725 D ActivityThread: Package [com.example.sign_buddy] reported as REPLACED, but missing application info. Assuming REMOVED.
04-19 11:43:48.527  3941  3941 D ActivityThread: Package [com.example.sign_buddy] reported as REPLACED, but missing application info. Assuming REMOVED.
04-19 11:43:48.528  5769  5769 D ActivityThread: Package [com.example.sign_buddy] reported as REPLACED, but missing application info. Assuming REMOVED.
04-19 11:43:48.529 22674 22674 D ActivityThread: Package [com.example.sign_buddy] reported as REPLACED, but missing application info. Assuming REMOVED.
04-19 11:43:48.529 17199 17199 D ActivityThread: Package [com.example.sign_buddy] reported as REPLACED, but missing application info. Assuming REMOVED.
04-19 11:43:48.529  9166  9166 D ActivityThread: Package [com.example.sign_buddy] reported as REPLACED, but missing application info. Assuming REMOVED.
04-19 11:43:48.529  3912  3912 D ActivityThread: Package [com.example.sign_buddy] reported as REPLACED, but missing application info. Assuming REMOVED.
04-19 11:43:48.530 21214 21214 D ActivityThread: Package [com.example.sign_buddy] reported as REPLACED, but missing application info. Assuming REMOVED.
04-19 11:43:48.530  5854  5854 D ActivityThread: Package [com.example.sign_buddy] reported as REPLACED, but missing application info. Assuming REMOVED.
04-19 11:43:48.530  3865  3865 D ActivityThread: Package [com.example.sign_buddy] reported as REPLACED, but missing application info. Assuming REMOVED.
04-19 11:43:48.530  5847  5847 D ActivityThread: Package [com.example.sign_buddy] reported as REPLACED, but missing application info. Assuming REMOVED.
04-19 11:43:48.530  1432  1432 D ActivityThread: Package [com.example.sign_buddy] reported as REPLACED, but missing application info. Assuming REMOVED.
04-19 11:43:48.530  3869  3869 D ActivityThread: Package [com.example.sign_buddy] reported as REPLACED, but missing application info. Assuming REMOVED.
04-19 11:43:48.530  3846  3846 D ActivityThread: Package [com.example.sign_buddy] reported as REPLACED, but missing application info. Assuming REMOVED.
04-19 11:43:48.530  5890  5890 D ActivityThread: Package [com.example.sign_buddy] reported as REPLACED, but missing application info. Assuming REMOVED.
04-19 11:43:48.531  5687  5687 D ActivityThread: Package [com.example.sign_buddy] reported as REPLACED, but missing application info. Assuming REMOVED.
04-19 11:43:48.531  3807  3807 D ActivityThread: Package [com.example.sign_buddy] reported as REPLACED, but missing application info. Assuming REMOVED.
04-19 11:43:48.531  3834  3834 D ActivityThread: Package [com.example.sign_buddy] reported as REPLACED, but missing application info. Assuming REMOVED.
04-19 11:43:48.532 11218 11218 D ActivityThread: Package [com.example.sign_buddy] reported as REPLACED, but missing application info. Assuming REMOVED.
04-19 11:43:48.532  3941  3941 D ActivityThread: Package [com.example.sign_buddy] reported as REPLACED, but missing application info. Assuming REMOVED.
04-19 11:43:48.532   806   806 D ActivityThread: Package [com.example.sign_buddy] reported as REPLACED, but missing application info. Assuming REMOVED.
04-19 11:43:48.533 10811 10811 D ActivityThread: Package [com.example.sign_buddy] reported as REPLACED, but missing application info. Assuming REMOVED.
04-19 11:43:48.533  5702  5702 D ActivityThread: Package [com.example.sign_buddy] reported as REPLACED, but missing application info. Assuming REMOVED.
04-19 11:43:48.533  4372  4372 D ActivityThread: Package [com.example.sign_buddy] reported as REPLACED, but missing application info. Assuming REMOVED.
04-19 11:43:48.533 13652 13652 D ActivityThread: Package [com.example.sign_buddy] reported as REPLACED, but missing application info. Assuming REMOVED.
04-19 11:43:48.533   505   505 D ActivityThread: Package [com.example.sign_buddy] reported as REPLACED, but missing application info. Assuming REMOVED.
04-19 11:43:48.533 23617 23617 D ActivityThread: Package [com.example.sign_buddy] reported as REPLACED, but missing application info. Assuming REMOVED.
04-19 11:43:48.534 27624 27624 D ActivityThread: Package [com.example.sign_buddy] reported as REPLACED, but missing application info. Assuming REMOVED.
04-19 11:43:48.534  5519  5519 D ActivityThread: Package [com.example.sign_buddy] reported as REPLACED, but missing application info. Assuming REMOVED.
04-19 11:43:48.534 12078 12078 D ActivityThread: Package [com.example.sign_buddy] reported as REPLACED, but missing application info. Assuming REMOVED.
04-19 11:43:48.534  5820  5820 D ActivityThread: Package [com.example.sign_buddy] reported as REPLACED, but missing application info. Assuming REMOVED.
04-19 11:43:48.535 21496 21496 D ActivityThread: Package [com.example.sign_buddy] reported as REPLACED, but missing application info. Assuming REMOVED.
04-19 11:43:48.535  9366  9366 D ActivityThread: Package [com.example.sign_buddy] reported as REPLACED, but missing application info. Assuming REMOVED.
04-19 11:43:48.535 17170 17170 D ActivityThread: Package [com.example.sign_buddy] reported as REPLACED, but missing application info. Assuming REMOVED.
04-19 11:43:48.535   442   442 D ActivityThread: Package [com.example.sign_buddy] reported as REPLACED, but missing application info. Assuming REMOVED.
04-19 11:43:48.535 11508 11508 D ActivityThread: Package [com.example.sign_buddy] reported as REPLACED, but missing application info. Assuming REMOVED.
04-19 11:43:48.536  7149  7149 D ActivityThread: Package [com.example.sign_buddy] reported as REPLACED, but missing application info. Assuming REMOVED.
04-19 11:43:48.536 14052 14052 D ActivityThread: Package [com.example.sign_buddy] reported as REPLACED, but missing application info. Assuming REMOVED.
04-19 11:43:48.536  7706  7706 D ActivityThread: Package [com.example.sign_buddy] reported as REPLACED, but missing application info. Assuming REMOVED.
04-19 11:43:48.536 13617 13617 D ActivityThread: Package [com.example.sign_buddy] reported as REPLACED, but missing application info. Assuming REMOVED.
04-19 11:43:48.536  4805  4805 D ActivityThread: Package [com.example.sign_buddy] reported as REPLACED, but missing application info. Assuming REMOVED.
04-19 11:43:48.537 14270 14270 D ActivityThread: Package [com.example.sign_buddy] reported as REPLACED, but missing application info. Assuming REMOVED.
04-19 11:43:48.537 12994 12994 D ActivityThread: Package [com.example.sign_buddy] reported as REPLACED, but missing application info. Assuming REMOVED.
04-19 11:43:48.537 14135 14135 D ActivityThread: Package [com.example.sign_buddy] reported as REPLACED, but missing application info. Assuming REMOVED.
04-19 11:43:48.537  3888  3888 D ActivityThread: Package [com.example.sign_buddy] reported as REPLACED, but missing application info. Assuming REMOVED.
04-19 11:43:48.537  5771  5771 D ActivityThread: Package [com.example.sign_buddy] reported as REPLACED, but missing application info. Assuming REMOVED.
04-19 11:43:48.537 17170 17170 D ActivityThread: Package [com.example.sign_buddy] reported as REPLACED, but missing application info. Assuming REMOVED.
04-19 11:43:48.537 21933 21933 D ActivityThread: Package [com.example.sign_buddy] reported as REPLACED, but missing application info. Assuming REMOVED.
04-19 11:43:48.538  9845  9845 D ActivityThread: Package [com.example.sign_buddy] reported as REPLACED, but missing application info. Assuming REMOVED.
04-19 11:43:48.538  6144  6144 D ActivityThread: Package [com.example.sign_buddy] reported as REPLACED, but missing application info. Assuming REMOVED.
04-19 11:43:48.538 13002 13002 D ActivityThread: Package [com.example.sign_buddy] reported as REPLACED, but missing application info. Assuming REMOVED.
04-19 11:43:48.538  5088  5088 D ActivityThread: Package [com.example.sign_buddy] reported as REPLACED, but missing application info. Assuming REMOVED.
04-19 11:43:48.538  6116  6116 D ActivityThread: Package [com.example.sign_buddy] reported as REPLACED, but missing application info. Assuming REMOVED.
04-19 11:43:48.538 26889 26889 D ActivityThread: Package [com.example.sign_buddy] reported as REPLACED, but missing application info. Assuming REMOVED.
04-19 11:43:48.538  7149  7149 D ActivityThread: Package [com.example.sign_buddy] reported as REPLACED, but missing application info. Assuming REMOVED.
04-19 11:43:48.539  6116  6116 D ActivityThread: Package [com.example.sign_buddy] reported as REPLACED, but missing application info. Assuming REMOVED.
04-19 11:43:48.539  9320  9320 D ActivityThread: Package [com.example.sign_buddy] reported as REPLACED, but missing application info. Assuming REMOVED.
04-19 11:43:48.539  3926  3926 D ActivityThread: Package [com.example.sign_buddy] reported as REPLACED, but missing application info. Assuming REMOVED.
04-19 11:43:48.540 17199 17199 D ActivityThread: Package [com.example.sign_buddy] reported as REPLACED, but missing application info. Assuming REMOVED.
04-19 11:43:48.540 17280 17280 D ActivityThread: Package [com.example.sign_buddy] reported as REPLACED, but missing application info. Assuming REMOVED.
04-19 11:43:48.540  5890  5890 D ActivityThread: Package [com.example.sign_buddy] reported as REPLACED, but missing application info. Assuming REMOVED.
04-19 11:43:48.540 10506 10506 D ActivityThread: Package [com.example.sign_buddy] reported as REPLACED, but missing application info. Assuming REMOVED.
04-19 11:43:48.541  3918  3918 D ActivityThread: Package [com.example.sign_buddy] reported as REPLACED, but missing application info. Assuming REMOVED.
04-19 11:43:48.541 21524 21524 D ActivityThread: Package [com.example.sign_buddy] reported as REPLACED, but missing application info. Assuming REMOVED.
04-19 11:43:48.542  5865  5865 D ActivityThread: Package [com.example.sign_buddy] reported as REPLACED, but missing application info. Assuming REMOVED.
04-19 11:43:48.542 22656 22656 D ActivityThread: Package [com.example.sign_buddy] reported as REPLACED, but missing application info. Assuming REMOVED.
04-19 11:43:48.542 21214 21214 D ActivityThread: Package [com.example.sign_buddy] reported as REPLACED, but missing application info. Assuming REMOVED.
04-19 11:43:48.543 21671 21671 D ActivityThread: Package [com.example.sign_buddy] reported as REPLACED, but missing application info. Assuming REMOVED.
04-19 11:43:48.543  8725  8725 D ActivityThread: Package [com.example.sign_buddy] reported as REPLACED, but missing application info. Assuming REMOVED.
04-19 11:43:48.544 22654 22654 D ActivityThread: Package [com.example.sign_buddy] reported as REPLACED, but missing application info. Assuming REMOVED.
04-19 11:43:48.544 17770 17770 D ActivityThread: Package [com.example.sign_buddy] reported as REPLACED, but missing application info. Assuming REMOVED.
04-19 11:43:48.544   442   442 D ActivityThread: Package [com.example.sign_buddy] reported as REPLACED, but missing application info. Assuming REMOVED.
04-19 11:43:48.545 26014 26014 D ActivityThread: Package [com.example.sign_buddy] reported as REPLACED, but missing application info. Assuming REMOVED.
04-19 11:43:48.545 11218 11218 D ActivityThread: Package [com.example.sign_buddy] reported as REPLACED, but missing application info. Assuming REMOVED.
04-19 11:43:48.545  5771  5771 D ActivityThread: Package [com.example.sign_buddy] reported as REPLACED, but missing application info. Assuming REMOVED.
04-19 11:43:48.545  5687  5687 D ActivityThread: Package [com.example.sign_buddy] reported as REPLACED, but missing application info. Assuming REMOVED.
04-19 11:43:48.545  5854  5854 D ActivityThread: Package [com.example.sign_buddy] reported as REPLACED, but missing application info. Assuming REMOVED.
04-19 11:43:48.545  1432  1432 D ActivityThread: Package [com.example.sign_buddy] reported as REPLACED, but missing application info. Assuming REMOVED.
04-19 11:43:48.545  5847  5847 D ActivityThread: Package [com.example.sign_buddy] reported as REPLACED, but missing application info. Assuming REMOVED.
04-19 11:43:48.545  5820  5820 D ActivityThread: Package [com.example.sign_buddy] reported as REPLACED, but missing application info. Assuming REMOVED.
04-19 11:43:48.546  5769  5769 D ActivityThread: Package [com.example.sign_buddy] reported as REPLACED, but missing application info. Assuming REMOVED.
04-19 11:43:48.546  3926  3926 D ActivityThread: Package [com.example.sign_buddy] reported as REPLACED, but missing application info. Assuming REMOVED.
04-19 11:43:48.546  3918  3918 D ActivityThread: Package [com.example.sign_buddy] reported as REPLACED, but missing application info. Assuming REMOVED.
04-19 11:43:48.547  3912  3912 D ActivityThread: Package [com.example.sign_buddy] reported as REPLACED, but missing application info. Assuming REMOVED.
04-19 11:43:48.547  3869  3869 D ActivityThread: Package [com.example.sign_buddy] reported as REPLACED, but missing application info. Assuming REMOVED.
04-19 11:43:48.547  3888  3888 D ActivityThread: Package [com.example.sign_buddy] reported as REPLACED, but missing application info. Assuming REMOVED.
04-19 11:43:48.549 22674 22674 D ActivityThread: Package [com.example.sign_buddy] reported as REPLACED, but missing application info. Assuming REMOVED.
04-19 11:43:48.550 21520 21520 D ActivityThread: Package [com.example.sign_buddy] reported as REPLACED, but missing application info. Assuming REMOVED.
04-19 11:43:48.552  9166  9166 D ActivityThread: Package [com.example.sign_buddy] reported as REPLACED, but missing application info. Assuming REMOVED.
04-19 11:43:48.552  3807  3807 D ActivityThread: Package [com.example.sign_buddy] reported as REPLACED, but missing application info. Assuming REMOVED.
04-19 11:43:48.554  5106  5106 D ActivityThread: Package [com.example.sign_buddy] reported as REPLACED, but missing application info. Assuming REMOVED.
04-19 11:43:48.555  5106  5106 D ActivityThread: Package [com.example.sign_buddy] reported as REPLACED, but missing application info. Assuming REMOVED.
04-19 11:43:48.558  3865  3865 D ActivityThread: Package [com.example.sign_buddy] reported as REPLACED, but missing application info. Assuming REMOVED.
04-19 11:43:48.558  3834  3834 D ActivityThread: Package [com.example.sign_buddy] reported as REPLACED, but missing application info. Assuming REMOVED.
04-19 11:43:48.559  3846  3846 D ActivityThread: Package [com.example.sign_buddy] reported as REPLACED, but missing application info. Assuming REMOVED.
04-19 11:43:48.562  2821  3539 E AppScanObserverService: Try to add a invalid package: com.example.sign_buddy | 10429 | 0
04-19 11:43:48.565  3879  3879 D ActivityThread: Package [com.example.sign_buddy] reported as REPLACED, but missing application info. Assuming REMOVED.
04-19 11:43:48.566  4946  4946 D ActivityThread: Package [com.example.sign_buddy] reported as REPLACED, but missing application info. Assuming REMOVED.
04-19 11:43:48.566  3879  3879 D ActivityThread: Package [com.example.sign_buddy] reported as REPLACED, but missing application info. Assuming REMOVED.
04-19 11:43:48.567 26890 26890 D ActivityThread: Package [com.example.sign_buddy] reported as REPLACED, but missing application info. Assuming REMOVED.
04-19 11:43:48.567 16751 16751 D ActivityThread: Package [com.example.sign_buddy] reported as REPLACED, but missing application info. Assuming REMOVED.
04-19 11:43:48.568 14019 14019 D ActivityThread: Package [com.example.sign_buddy] reported as REPLACED, but missing application info. Assuming REMOVED.
04-19 11:43:48.568  5838  5838 D ActivityThread: Package [com.example.sign_buddy] reported as REPLACED, but missing application info. Assuming REMOVED.
04-19 11:43:48.569  5838  5838 D ActivityThread: Package [com.example.sign_buddy] reported as REPLACED, but missing application info. Assuming REMOVED.
04-19 11:43:48.569 26890 26890 D ActivityThread: Package [com.example.sign_buddy] reported as REPLACED, but missing application info. Assuming REMOVED.
04-19 11:43:48.569  4946  4946 D ActivityThread: Package [com.example.sign_buddy] reported as REPLACED, but missing application info. Assuming REMOVED.
04-19 11:43:48.570 14051 14051 D ActivityThread: Package [com.example.sign_buddy] reported as REPLACED, but missing application info. Assuming REMOVED.
04-19 11:43:48.574 17301 17301 D ActivityThread: Package [com.example.sign_buddy] reported as REPLACED, but missing application info. Assuming REMOVED.
04-19 11:43:48.574 17301 17301 D ActivityThread: Package [com.example.sign_buddy] reported as REPLACED, but missing application info. Assuming REMOVED.
04-19 11:43:48.574 13647 13647 D ActivityThread: Package [com.example.sign_buddy] reported as REPLACED, but missing application info. Assuming REMOVED.
04-19 11:43:48.575 13647 13647 D ActivityThread: Package [com.example.sign_buddy] reported as REPLACED, but missing application info. Assuming REMOVED.
04-19 11:43:48.592  6116 18120 I GrayResultDBManager: deleteInfoByPackageName from db pkgName com.example.sign_buddy dbr 0
04-19 11:43:48.596  3918  4631 D MiuiShortcut-PackageChangedManager: update success : com.example.sign_buddy
04-19 11:43:48.611  2821  3520 I SdkSandboxManager: No SDKs used. Skipping SDK data reconcilation for CallingInfo{mUid=10429, mPackageName='com.example.sign_buddy, mAppProcessToken='null'}
04-19 11:43:48.621  2821  2821 D ActivityThread: Package [com.example.sign_buddy] reported as REPLACED, but missing application info. Assuming REMOVED.
04-19 11:43:48.621  2821  2821 D ActivityThread: Package [com.example.sign_buddy] reported as REPLACED, but missing application info. Assuming REMOVED.
04-19 11:43:48.623  2821  2821 W AlarmManager: Package com.example.sign_buddy, uid 10429 lost permission to set exact alarms!
04-19 11:43:48.629 17301 17301 D MST_PackageCache: onPackageReplaced:com.example.sign_buddy
04-19 11:43:48.722  3941  3965 W com.miui.home: ApkAssets: Deleting an ApkAssets object '<empty> and /data/app/~~axVFjh9OAR-zqR4aMO3GNw==/com.example.sign_buddy-KFfJ3pngpRXOp4V4EufVtg==/base.apk' with 1 weak references
04-19 11:43:48.784  3941  3965 W com.miui.home: ApkAssets: Deleting an ApkAssets object '<empty> and /data/app/~~ZUpQpaXHVYJMOHS7pzjZOQ==/com.example.sign_buddy-Ca5nGT4bEE2YPs4LMVw6cQ==/base.apk' with 1 weak references
04-19 11:43:48.785  3941  3965 W com.miui.home: ApkAssets: Deleting an ApkAssets object '<empty> and /data/app/~~o569U4EQPZ5TucPSSPtUgw==/com.example.sign_buddy-9aGe-KER8yCdX1hkaR18dA==/base.apk' with 1 weak references
04-19 11:43:48.900  3918  3953 W ndroid.systemui: ApkAssets: Deleting an ApkAssets object '<empty> and /data/app/~~ZUpQpaXHVYJMOHS7pzjZOQ==/com.example.sign_buddy-Ca5nGT4bEE2YPs4LMVw6cQ==/base.apk' with 1 weak references
04-19 11:43:48.905  3941  4021 E InstallApkReceiver: uninstall:package:com.example.sign_buddy
04-19 11:43:48.905  3941  4021 E InstallApkReceiver: install:package:com.example.sign_buddy
04-19 11:43:48.909  5854 10932 W SQLiteLog: (28) double-quoted string literal: "com.example.sign_buddy"
04-19 11:43:48.929 10811 10811 D AppFinder:AppFinderLoadModel: package removed received com.example.sign_buddy
04-19 11:43:48.929 10811 11047 D AppFinder:PackageUpdatedTask: Removing app iconcom.example.sign_buddy
04-19 11:43:48.929 10811 10811 I PackageInstallReceiver: action = android.intent.action.PACKAGE_REMOVED packageName = com.example.sign_buddy
04-19 11:43:48.931 10811 10811 I PackageInstallReceiver: action = android.intent.action.PACKAGE_ADDED packageName = com.example.sign_buddy
04-19 11:43:48.934 10811 10811 I PackageInstallReceiver: action = android.intent.action.PACKAGE_REPLACED packageName = com.example.sign_buddy
04-19 11:43:48.937  2821  3065 D ShortcutService: Getting shortcuts for launcher= com.mi.globalminusscreenuser=0 pkg=com.example.sign_buddy
04-19 11:43:48.937  2821  3065 D ShortcutService: getShortcutsInnerLocked() returned empty results because com.example.sign_buddy isn't loaded
04-19 11:43:48.946  8725  8905 D AppOpsCompat: Checking auto-start restriction for package: com.example.sign_buddy
04-19 11:43:48.948 12078 12078 I Finsky  : [2] AIM: AppInfoCacheUpdater -> invalidating apps: [com.example.sign_buddy]
04-19 11:43:48.958 12078 12111 I Finsky  : [133] AIM: AppInfoManager-Perf > OnDeviceAppInfo > cacheHitCount=0, cacheMissCount=1. Missed  in cache (limit 10) : [com.example.sign_buddy]
04-19 11:43:49.011 14382 14382 I artd    : GetBestInfo: /data/app/~~o569U4EQPZ5TucPSSPtUgw==/com.example.sign_buddy-9aGe-KER8yCdX1hkaR18dA==/base.apk has no usable artifacts
04-19 11:43:49.020  5854 10932 W SQLiteLog: (28) double-quoted string literal: "com.example.sign_buddy"
04-19 11:43:49.057  4372 14471 I ProximityAuth: [RecentAppsMediator] Package added: (user=UserHandle{0}) com.example.sign_buddy
04-19 11:43:49.066 26890 14469 W SQLiteLog: (28) double-quoted string literal: "com.example.sign_buddy"
04-19 11:43:49.067 12078 12078 I Finsky  : [2] AIM: AppInfoCacheUpdater -> invalidating apps: [com.example.sign_buddy]
04-19 11:43:49.069 12078 12111 I Finsky  : [133] AIM: AppInfoManager-Perf > OnDeviceAppInfo > cacheHitCount=0, cacheMissCount=1. Missed  in cache (limit 10) : [com.example.sign_buddy]
04-19 11:43:49.135 14382 14382 I artd    : GetBestInfo: /data/app/~~o569U4EQPZ5TucPSSPtUgw==/com.example.sign_buddy-9aGe-KER8yCdX1hkaR18dA==/base.apk has no usable artifacts
04-19 11:43:49.370  2821  6210 E WindowManager: setClientVisible ActivityRecord{832d78d u0 com.example.sign_buddy/.MainActivity true
04-19 11:43:49.383  2821  6210 D WindowManager: Collecting in transition 595: ActivityRecord{832d78d u0 com.example.sign_buddy/.MainActivity t-1} init visibleRequested:false
04-19 11:43:49.391  2821  6210 D MiGgameTypeIdentificationImpl: checkIfGameBeSupported app:com.example.sign_buddy
04-19 11:43:49.392  2821  6210 I WindowManager: When perf version exceed 2.3, MiGTStub result: false, gameType: 2, packageName: com.example.sign_buddy
04-19 11:43:49.392  2821  6210 D MiGgameTypeIdentificationImpl: checkIfGameBeSupported app:com.example.sign_buddy
04-19 11:43:49.406  2821  6210 D WindowManager: setLockTaskAuth: task=Task{ce976c1 #10517 type=standard A=10429:com.example.sign_buddy} mLockTaskAuth=LOCK_TASK_AUTH_PINNABLE
04-19 11:43:49.407  2821  6210 D WindowManager: Collecting in transition 595: Task{ce976c1 #10517 type=standard A=10429:com.example.sign_buddy} init visibleRequested:false
04-19 11:43:49.413  2821  6210 D WindowManager: setLockTaskAuth: task=Task{ce976c1 #10517 type=standard A=10429:com.example.sign_buddy} mLockTaskAuth=LOCK_TASK_AUTH_PINNABLE
04-19 11:43:49.414  2821  6210 D MiuiFreeFormManagerService: onStartActivityInner as = Task{ce976c1 #10517 type=standard A=10429:com.example.sign_buddy} op = null
04-19 11:43:49.418  2821  6210 I WindowManager: Try to add startingWindow type = STARTING_WINDOW_TYPE_SPLASH_SCREEN this = ActivityRecord{832d78d u0 com.example.sign_buddy/.MainActivity t10517} preAllowTaskSnapshot = true afterAllowTaskSnapshot = true newTask = true taskSwitch = true processRunning = false activityCreated = false activityAllDrawn = false isSnapshotCompatible = false resolvedTheme = 2131689634 theme = 2131689634
04-19 11:43:49.428  2821  6210 D WindowManager: Collecting in transition 595: ActivityRecord{832d78d u0 com.example.sign_buddy/.MainActivity t10517} init visibleRequested:false
04-19 11:43:49.430  3918  4035 I SoScStageCoordinator: Transition requested:TransitionRequestInfo { type = OPEN, triggerTask = TaskInfo{userId=0 taskId=10517 displayId=0 isRunning=true baseIntent=Intent { act=android.intent.action.MAIN cat=[android.intent.category.LAUNCHER] flg=0x30000000 cmp=com.example.sign_buddy/.MainActivity } baseActivity=ComponentInfo{com.example.sign_buddy/com.example.sign_buddy.MainActivity} topActivity=ComponentInfo{com.example.sign_buddy/com.example.sign_buddy.MainActivity} origActivity=null realActivity=ComponentInfo{com.example.sign_buddy/com.example.sign_buddy.MainActivity} numActivities=1 lastActiveTime=83924495 supportsSplitScreenMultiWindow=true supportsMultiWindow=true resizeMode=1 isResizeable=true minWidth=-1 minHeight=-1 defaultMinSize=200 token=WCT{android.window.IWindowContainerToken$Stub$Proxy@78f4a73} topActivityType=1 pictureInPictureParams=null shouldDockBigOverlays=false launchIntoPipHostTaskId=-1 lastParentTaskIdBeforePip=-1 displayCutoutSafeInsets=Rect(0, 94 - 0, 0) topActivityInfo=ActivityInfo{8a3ed30 com.example.sign_buddy.MainActivity} launchCookies=[] positionInParent=Point(0, 0) parentTaskId=-1 isFocused=false isVisible=false isVisibleRequested=false isSleeping=false locusId=null displayAreaFeatureId=1 isTopActivityTransparent=false appCompatTaskInfo=AppCompatTaskInfo { topActivityInSizeCompat=false topActivityInMiuiSizeCompat=false topActivityEligibleForLetterboxEducation= falseisLetterboxEducationEnabled= false isLetterboxDoubleTapEnabled= false topActivityEligibleForUserAspectRatioButton= false topActivityBoundsLetterboxed= false isFromLetterboxDoubleTap= false topActivityLetterboxVerticalPosition= -1 topActivityLetterboxHorizontalPosition= -1 topActivityLetterboxWidth=1080 topActivityLetterboxHeight=2400 isUserFullscreenOverrideEnabled=false isSystemFullscreenOverrideEnabled=false cameraCompatTaskInfo=CameraCompatTaskInfo { cameraCompatControlState=hidden freeformCameraCompatMode=inactive}} isImmersive=false mTopActivityRequestOrientation=-2 mBehindAppLockPkg=null mOriginatingUid=0 isEmbedded=false shouldBeVisible=true mIsCastMode=false mTopActivityMediaSize=null mTopActivityRecordName=ActivityRecord{832d78d u0 com.example.sign_buddy/.MainActivity t10517} mTopActivityOrientation=-2}, pipTask = null, remoteTransition = null, displayChange = null, flags = 0, debugId = 595 } isSoScActive:false triggerTask:TaskInfo{userId=0 taskId=10517 displayId=0 isRunning=true baseIntent=Intent { act=android.intent.action.MAIN cat=[android.intent.category.LAUNCHER] flg=0x30000000 cmp=com.example.sign_buddy/.MainActivity } baseActivity=ComponentInfo{com.example.sign_buddy/com.example.sign_buddy.MainActivity} topActivity=ComponentInfo{com.example.sign_buddy/com.example.sign_buddy.MainActivity} origActivity=null realActivity=ComponentInfo{com.example.sign_buddy/com.example.sign_buddy.MainActivity} numActivities=1 lastActiveTime=83924495 supportsSplitScreenMultiWindow=true supportsMultiWindow=true resizeMode=1 isResizeable=true minWidth=-1 minHeight=-1 defaultMinSize=200 token=WCT{android.window.IWindowContainerToken$Stub$Proxy@78f4a73} topActivityType=1 pictureInPictureParams=null shouldDockBigOverlays=false launchIntoPipHostTaskId=-1 lastParentTaskIdBeforePip=-1 displayCutoutSafeInsets=Rect(0, 94 - 0, 0) topActivityInfo=ActivityInfo{8a3ed30 com.example.sign_buddy.MainActivity} launchCookies=[] positionInParent=Point(0, 0) parentTaskId=-1 isFocused=false isVisible=false isVisibleRequested=false isSleeping=false locusId=null displayAreaFeatureId=1 isTopActivityTransparent=false appCompatTaskInfo=AppCompatTaskInfo { topActivityInSizeCompat=false topActivityInMiuiSizeCompat=false topActivityEligibleForLetterboxEducation= falseisLetterboxEducationEnabled= false isLetterboxDoubleTapEnabled= false topActivityEligibleForUserAspectRatioButton= false topActivityBoundsLetterboxed= false isFromLetterboxDoubleTap= false topActivityLetterboxVerticalPosition= -1 topActivityLetterboxHorizontalPosition= -1 topActivityLetterboxWidth=1080 topActivityLetterboxHeight=2400 isUserFullscreenOverrideEnabled=false i
04-19 11:43:49.439  2821  6210 I ActivityTaskManager: START u0 {act=android.intent.action.MAIN cat=[android.intent.category.LAUNCHER] flg=0x30000000 cmp=com.example.sign_buddy/.MainActivity (has extras)} with LAUNCH_SINGLE_TOP from uid 2000 from pid 14501 callingPackage com.android.shell (BAL_ALLOW_PERMISSION) result code=0
04-19 11:43:49.442  3834  3928 I DynamicDDSService: handleMessage(ACTIVITY_INVOKE{appInfo=com.example.sign_buddy isFullScreen=}true)
04-19 11:43:49.454  3918  3918 D KeyguardEditorHelper: onTopActivityMayChanged, topActivity=ComponentInfo{com.example.sign_buddy/com.example.sign_buddy.MainActivity}; mState=IDEL
04-19 11:43:49.456  2821  6345 I AppsFilter: interaction: PackageSetting{4852885 com.example.signbuddy/10399} -> PackageSetting{5878697 com.example.sign_buddy/10429} BLOCKED
04-19 11:43:49.456  2821  6345 I AppsFilter: interaction: PackageSetting{703b70b com.android.microdroid.empty_payload/10386} -> PackageSetting{5878697 com.example.sign_buddy/10429} BLOCKED
04-19 11:43:49.456  2821  6345 I AppsFilter: interaction: PackageSetting{bdc79e8 com.example.productivityapp/10326} -> PackageSetting{5878697 com.example.sign_buddy/10429} BLOCKED
04-19 11:43:49.456  2821  6345 I AppsFilter: interaction: PackageSetting{b74c801 com.example.my_app/10233} -> PackageSetting{5878697 com.example.sign_buddy/10429} BLOCKED
04-19 11:43:49.456  2821  6345 I AppsFilter: interaction: PackageSetting{76fa6a6 com.example.task9/10419} -> PackageSetting{5878697 com.example.sign_buddy/10429} BLOCKED
04-19 11:43:49.456  2821  6345 I AppsFilter: interaction: PackageSetting{9b4b8e7 com.example.quiz1/10388} -> PackageSetting{5878697 com.example.sign_buddy/10429} BLOCKED
04-19 11:43:49.456  2821  6345 I AppsFilter: interaction: PackageSetting{bf34c94 com.example.task3_interactive_gallery/10038} -> PackageSetting{5878697 com.example.sign_buddy/10429} BLOCKED
04-19 11:43:49.458  2821  6345 D WindowManager: Collecting in transition 595: ActivityRecord{832d78d u0 com.example.sign_buddy/.MainActivity t10517} init visibleRequested:false
04-19 11:43:49.458  2821  6345 E WindowManager: setClientVisible ActivityRecord{832d78d u0 com.example.sign_buddy/.MainActivity t10517} true
04-19 11:43:49.467  2821  6407 I WindowManager: Add startingWindow, surfaceControl = Surface(name=b2eb18f Splash Screen com.example.sign_buddy#7746)/@0xb50f025 layerId = 7746
04-19 11:43:49.476  2821  4112 D CoreBackPreview: Window{b2eb18f u0 Splash Screen com.example.sign_buddy}: Setting back callback OnBackInvokedCallbackInfo{mCallback=android.window.IOnBackInvokedCallback$Stub$Proxy@9aa1e08, mPriority=0, mIsAnimationCallback=false}
04-19 11:43:49.486  1827  1827 E MI-SF   : MiSurfaceFlingerImpl.cpp.vsyncId=6823856, oldVsyncId=6823856, layerName=b2eb18f Splash Screen com.example.sign_buddy#7746
04-19 11:43:49.486  1827  1827 E MI-SF   : MiSurfaceFlingerImpl.cpp.vsyncId=6823856, oldVsyncId=6823856, layerName=Splash Screen com.example.sign_buddy#7747
04-19 11:43:49.491  3918  4113 D VRI[sign_buddy]: vri.reportNextDraw android.view.ViewRootImpl.performTraversals:4923 android.view.ViewRootImpl.doTraversal:3553 android.view.ViewRootImpl$TraversalRunnable.run:11520 android.view.Choreographer$CallbackRecord.run:1730 android.view.Choreographer$CallbackRecord.run:1739 
04-19 11:43:49.491  3918  4113 D VRI[sign_buddy]: vri.Setup new sync=wmsSync-VRI[sign_buddy]#85
04-19 11:43:49.493  3941  5503 W RecentsModel: getRunningTask   taskInfo=TaskInfo{userId=0 taskId=10517 displayId=0 isRunning=true baseIntent=Intent { act=android.intent.action.MAIN cat=[android.intent.category.LAUNCHER] flg=0x30000000 cmp=com.example.sign_buddy/.MainActivity } baseActivity=ComponentInfo{com.example.sign_buddy/com.example.sign_buddy.MainActivity} topActivity=ComponentInfo{com.example.sign_buddy/com.example.sign_buddy.MainActivity} origActivity=null realActivity=ComponentInfo{com.example.sign_buddy/com.example.sign_buddy.MainActivity} numActivities=1 lastActiveTime=83924560 supportsSplitScreenMultiWindow=true supportsMultiWindow=true resizeMode=1 isResizeable=true minWidth=-1 minHeight=-1 defaultMinSize=200 token=WCT{android.window.IWindowContainerToken$Stub$Proxy@2f4f83e} topActivityType=1 pictureInPictureParams=null shouldDockBigOverlays=false launchIntoPipHostTaskId=-1 lastParentTaskIdBeforePip=-1 displayCutoutSafeInsets=null topActivityInfo=ActivityInfo{3e4c69f com.example.sign_buddy.MainActivity} launchCookies=[] positionInParent=Point(0, 0) parentTaskId=-1 isFocused=false isVisible=false isVisibleRequested=true isSleeping=false locusId=null displayAreaFeatureId=1 isTopActivityTransparent=false appCompatTaskInfo=AppCompatTaskInfo { topActivityInSizeCompat=false topActivityInMiuiSizeCompat=false topActivityEligibleForLetterboxEducation= falseisLetterboxEducationEnabled= false isLetterboxDoubleTapEnabled= false topActivityEligibleForUserAspectRatioButton= false topActivityBoundsLetterboxed= false isFromLetterboxDoubleTap= false topActivityLetterboxVerticalPosition= -1 topActivityLetterboxHorizontalPosition= -1 topActivityLetterboxWidth=1080 topActivityLetterboxHeight=2400 isUserFullscreenOverrideEnabled=false isSystemFullscreenOverrideEnabled=false cameraCompatTaskInfo=CameraCompatTaskInfo { cameraCompatControlState=hidden freeformCameraCompatMode=inactive}} isImmersive=false mTopActivityRequestOrientation=-1 mBehindAppLockPkg=null mOriginatingUid=0 isEmbedded=false shouldBeVisible=true mIsCastMode=false mTopActivityMediaSize=null mTopActivityRecordName=ActivityRecord{832d78d u0 com.example.sign_buddy/.MainActivity t10517} mTopActivityOrientation=-1}
04-19 11:43:49.502  1827  1827 E MI-SF   : MiSurfaceFlingerImpl.cpp.vsyncId=6823857, oldVsyncId=6823856, layerName=Splash Screen com.example.sign_buddy#7747
04-19 11:43:49.502  1827  1827 E MI-SF   : MiSurfaceFlingerImpl.cpp.vsyncId=6823857, oldVsyncId=6823857, layerName=Splash Screen com.example.sign_buddy#7747
04-19 11:43:49.502  1827  1827 E MI-SF   : MiSurfaceFlingerImpl.cpp.vsyncId=6823857, oldVsyncId=6823857, layerName=b2eb18f Splash Screen com.example.sign_buddy#7746
04-19 11:43:49.502  1827  1827 E MI-SF   : MiSurfaceFlingerImpl.cpp.vsyncId=6823857, oldVsyncId=6823857, layerName=Splash Screen com.example.sign_buddy#7747
04-19 11:43:49.519  1827  1827 E MI-SF   : MiSurfaceFlingerImpl.cpp.vsyncId=6823870, oldVsyncId=6823857, layerName=Splash Screen com.example.sign_buddy#7747
04-19 11:43:49.545 14512 14512 E Zygote  : process_name_ptr:14512 com.example.sign_buddy
04-19 11:43:49.545 14512 14512 E Zygote  : SetMemoryProtected process_name_ptr:14512 com.example.sign_buddy
04-19 11:43:49.558 14512 14512 I mple.sign_buddy: Late-enabling -Xcheck:jni
04-19 11:43:49.570  3918  4113 D VRI[sign_buddy]: vri.reportDrawFinished
04-19 11:43:49.574  3941  5503 E ActivityManagerWrapper:  mainTaskId=10517   userId=0   windowMode=1   baseIntent=Intent { act=android.intent.action.MAIN flag=805306368 cmp=ComponentInfo{com.example.sign_buddy/com.example.sign_buddy.MainActivity} }
04-19 11:43:49.577  2821  2895 I SmartPower: com.example.sign_buddy/10429(0): died->visible(101640ms) R(become visible) adj=-10000.
04-19 11:43:49.577  2821  2915 I ActivityManager: Start proc 14512:com.example.sign_buddy/u0a429 for next-top-activity {com.example.sign_buddy/com.example.sign_buddy.MainActivity} caller=com.android.shell
04-19 11:43:49.578  2821  2895 E WindowManager: setClientVisible ActivityRecord{832d78d u0 com.example.sign_buddy/.MainActivity t10517} true
04-19 11:43:49.578  2821  2895 I WindowManager: wms.showSurfaceRobustly mWin:Window{b2eb18f u0 Splash Screen com.example.sign_buddy}
04-19 11:43:49.578  2821  2895 D WindowManager: Final targets: [Task{ce976c1 #10517 type=standard A=10429:com.example.sign_buddy}, Task{2ebbb7d #1 type=home}]
04-19 11:43:49.604 14512 14512 I mple.sign_buddy: Using CollectorTypeCMC GC.
04-19 11:43:49.742  2821  2895 D WindowManager: Calling onTransitionReady info={id=595 t=OPEN f=0x0 trk=0 r=[0@Point(0, 0)] c=[{WCT{RemoteToken{74e75cc Task{ce976c1 #10517 type=standard A=10429:com.example.sign_buddy}}} m=OPEN f=NONE leash=Surface(name=Task=10517#7744)/@0x40faba8 sb=Rect(0, 0 - 1080, 2400) eb=Rect(0, 0 - 1080, 2400) d=0 taskParent=-1 v=true},{WCT{RemoteToken{1bf3813 Task{2ebbb7d #1 type=home}}} m=TO_BACK f=SHOW_WALLPAPER leash=Surface(name=Task=1#47)/@0xbe95dd4 sb=Rect(0, 0 - 1080, 2400) eb=Rect(0, 0 - 1080, 2400) d=0 taskParent=-1 v=false}] mk=[false] noAni=[false] df=[false] rsa=[false] oa=[false] ho=[false] iSync=[-1]}, mToken=Token{c148015 TransitionRecord{6ffafaf id=595 type=OPEN flags=0x0}}
04-19 11:43:49.769  1827  1827 E MI-SF   : MiSurfaceFlingerImpl.cpp.vsyncId=6823953, oldVsyncId=6823953, layerName=ActivityRecord{832d78d u0 com.example.sign_buddy/.MainActivity t10517}#7745
04-19 11:43:49.769  1827  1827 E MI-SF   : MiSurfaceFlingerImpl.cpp.vsyncId=6823953, oldVsyncId=6823953, layerName=Splash Screen com.example.sign_buddy#7747
04-19 11:43:49.769  1827  1827 E MI-SF   : MiSurfaceFlingerImpl.cpp.vsyncId=6823953, oldVsyncId=6823953, layerName=b2eb18f Splash Screen com.example.sign_buddy#7746
04-19 11:43:49.770  1827  1827 E MI-SF   : MiSurfaceFlingerImpl.cpp.vsyncId=6823953, oldVsyncId=6823953, layerName=91b1a90 ActivityRecordInputSink com.example.sign_buddy/.MainActivity#7751
04-19 11:43:49.772  3941  5503 W RecentsModel: getRunningTask   taskInfo=TaskInfo{userId=0 taskId=10517 displayId=0 isRunning=true baseIntent=Intent { act=android.intent.action.MAIN cat=[android.intent.category.LAUNCHER] flg=0x30000000 cmp=com.example.sign_buddy/.MainActivity } baseActivity=ComponentInfo{com.example.sign_buddy/com.example.sign_buddy.MainActivity} topActivity=ComponentInfo{com.example.sign_buddy/com.example.sign_buddy.MainActivity} origActivity=null realActivity=ComponentInfo{com.example.sign_buddy/com.example.sign_buddy.MainActivity} numActivities=1 lastActiveTime=83924841 supportsSplitScreenMultiWindow=true supportsMultiWindow=true resizeMode=1 isResizeable=true minWidth=-1 minHeight=-1 defaultMinSize=200 token=WCT{android.window.IWindowContainerToken$Stub$Proxy@275d116} topActivityType=1 pictureInPictureParams=null shouldDockBigOverlays=false launchIntoPipHostTaskId=-1 lastParentTaskIdBeforePip=-1 displayCutoutSafeInsets=null topActivityInfo=ActivityInfo{ee2ea97 com.example.sign_buddy.MainActivity} launchCookies=[] positionInParent=Point(0, 0) parentTaskId=-1 isFocused=false isVisible=true isVisibleRequested=true isSleeping=false locusId=null displayAreaFeatureId=1 isTopActivityTransparent=false appCompatTaskInfo=AppCompatTaskInfo { topActivityInSizeCompat=false topActivityInMiuiSizeCompat=false topActivityEligibleForLetterboxEducation= falseisLetterboxEducationEnabled= false isLetterboxDoubleTapEnabled= false topActivityEligibleForUserAspectRatioButton= false topActivityBoundsLetterboxed= false isFromLetterboxDoubleTap= false topActivityLetterboxVerticalPosition= -1 topActivityLetterboxHorizontalPosition= -1 topActivityLetterboxWidth=1080 topActivityLetterboxHeight=2400 isUserFullscreenOverrideEnabled=false isSystemFullscreenOverrideEnabled=false cameraCompatTaskInfo=CameraCompatTaskInfo { cameraCompatControlState=hidden freeformCameraCompatMode=inactive}} isImmersive=false mTopActivityRequestOrientation=-1 mBehindAppLockPkg=null mOriginatingUid=0 isEmbedded=false shouldBeVisible=true mIsCastMode=false mTopActivityMediaSize=null mTopActivityRecordName=ActivityRecord{832d78d u0 com.example.sign_buddy/.MainActivity t10517} mTopActivityOrientation=-1}
04-19 11:43:49.781  3941  5503 E ActivityManagerWrapper:  mainTaskId=10517   userId=0   windowMode=1   baseIntent=Intent { act=android.intent.action.MAIN flag=805306368 cmp=ComponentInfo{com.example.sign_buddy/com.example.sign_buddy.MainActivity} }
04-19 11:43:49.783  3941  5503 D RecentsTaskLoader: reloadTasksData [TaskKey{id=10517, stackId=0, baseIntent=Intent { act=android.intent.action.MAIN cat=[android.intent.category.LAUNCHER] flg=0x30000000 cmp=com.example.sign_buddy/.MainActivity }, userId=0, lastActiveTime=83924495, windowingMode=1, isThumbnailBlur=false, isAccessLocked=false, isScreening=false, topActivity=ComponentInfo{com.example.sign_buddy/com.example.sign_buddy.MainActivity}, mHashCode=314235499}, title=sign_buddy, titleDescription=sign_buddy, bounds=null, isLaunchTarget=true, isStackTask=true, isSystemApp=false, isDockable=true, baseActivity=ComponentInfo{com.example.sign_buddy/com.example.sign_buddy.MainActivity}, isLocked=false, mNeedHide=false, hasMultipleTasks=false, cti1Key=, cti2Key=] 
04-19 11:43:49.786  1827  1827 E MI-SF   : MiSurfaceFlingerImpl.cpp.vsyncId=6823961, oldVsyncId=6823961, layerName=b2eb18f Splash Screen com.example.sign_buddy#7746
04-19 11:43:49.786  1827  1827 E MI-SF   : MiSurfaceFlingerImpl.cpp.vsyncId=6823961, oldVsyncId=6823961, layerName=ActivityRecord{832d78d u0 com.example.sign_buddy/.MainActivity t10517}#7745
04-19 11:43:49.789  5854 10932 W SQLiteLog: (28) double-quoted string literal: "com.example.sign_buddy"
04-19 11:43:49.794 14382 14382 I artd    : GetBestInfo: /data/app/~~o569U4EQPZ5TucPSSPtUgw==/com.example.sign_buddy-9aGe-KER8yCdX1hkaR18dA==/base.apk has no usable artifacts
