04-19 11:36:00.340  5769  6018 D DigestGenerator:  [anon:dalvik-classes.dex extracted in memory from XXbase.apk] (com.example.sign_buddy.MediaPipeChannel.setupLandmarker+)
04-19 11:36:00.340  5769  6018 D DigestGenerator:  [anon:dalvik-classes.dex extracted in memory from XXbase.apk] (com.example.sign_buddy.MediaPipeChannel.<init>+)
04-19 11:36:00.340  5769  6018 D DigestGenerator:  [anon:dalvik-classes.dex extracted in memory from XXbase.apk] (com.example.sign_buddy.MainActivity.configureFlutterEngine+)
04-19 11:36:00.343  5769  6018 D MiSightJni: MiSight: Java_com_miui_misight_MiSight_nativeSendEvent enter called. '{"CrashType":"100000000","Stacktrace":"versionName:1.0.0, versionCode:1##Build fingerprint: 'Redmi\/tapas_global\/tapas:15\/AQ3A.240829.003\/OS2.0.205.0.VMTMIXM:user\/release-keys'##Revision: '0'##ABI: 'arm64'##Process uptime: 3s##Cmdline: com.example.sign_buddy##pid: 10027, tid: 10027, name: mple.sign_buddy  >>> com.example.sign_buddy <<<##uid: 10429##tagged_addr_ctrl: 0000000000000001 (PR_TAGGED_ADDR_ENABLE)##signal 11 (SIGSEGV), code 1 (SEGV_MAPERR), fault addr 0x0000000000000000##Cause: null pointer dereference##    x0  0000000000000000  x1  00000070a0f2a484  x2  00000070a0f2a484  x3  0000007fcddba4c8##    x4  0000000000000000  x5  b400006f121ff372  x6  000000000000003b  x7  7f7f7f7f7f7f7f7f##    x8  0000000000000000  x9  000000000000000b  x10 b400006f12210678  x11 fffffffffffffff5##    x12 000000000000000b  x13 b400006e02284a7b  x14 00000000fffffff6  x15 0000006cb9e1013d##    x16 0000006cba16c7a0  x17 00000070a0e9ef80  x18 00000000000
04-19 11:36:00.343  5769  6018 D MiEvent : flatten EventId 901001003 -t 1776580560 -paraList {"CrashType":"100000000","CurrentTime":1776580559000,"Digest":"9cf730698906124978d480d6579f7057","Keyword":"{\"vn\":\"1.0.0\",\"vc\":\"1\",\"isRoot\":false,\"count\":1,\"preInstalled\":false,\"unfold\":false,\"ram\":9,\"rom\":128}","PackageName":"com.example.sign_buddy","Stacktrace":"versionName:1.0.0, versionCode:1##Build fingerprint: 'Redmi/tapas_global/tapas:15/AQ3A.240829.003/OS2.0.205.0.VMTMIXM:user/release-keys'##Revision: '0'##ABI: 'arm64'##Process uptime: 3s##Cmdline: com.example.sign_buddy##pid: 10027, tid: 10027, name: mple.sign_buddy  >>> com.example.sign_buddy <<<##uid: 10429##tagged_addr_ctrl: 0000000000000001 (PR_TAGGED_ADDR_ENABLE)##signal 11 (SIGSEGV), code 1 (SEGV_MAPERR), fault addr 0x0000000000000000##Cause: null pointer dereference##    x0  0000000000000000  x1  00000070a0f2a484  x2  00000070a0f2a484  x3  0000007fcddba4c8##    x4  0000000000000000  x5  b400006f121ff372  x6  000000000000003b  x7  7f7f7f7f7f7f7f7f##    x8  0000000000000000  
04-19 11:36:00.344  5769  6018 D MiEvent : report:EventId 901001003 -t 1776580560 -paraList {"CrashType":"100000000","CurrentTime":1776580559000,"Digest":"9cf730698906124978d480d6579f7057","Keyword":"{\"vn\":\"1.0.0\",\"vc\":\"1\",\"isRoot\":false,\"count\":1,\"preInstalled\":false,\"unfold\":false,\"ram\":9,\"rom\":128}","PackageName":"com.example.sign_buddy","Stacktrace":"versionName:1.0.0, versionCode:1##Build fingerprint: 'Redmi/tapas_global/tapas:15/AQ3A.240829.003/OS2.0.205.0.VMTMIXM:user/release-keys'##Revision: '0'##ABI: 'arm64'##Process uptime: 3s##Cmdline: com.example.sign_buddy##pid: 10027, tid: 10027, name: mple.sign_buddy  >>> com.example.sign_buddy <<<##uid: 10429##tagged_addr_ctrl: 0000000000000001 (PR_TAGGED_ADDR_ENABLE)##signal 11 (SIGSEGV), code 1 (SEGV_MAPERR), fault addr 0x0000000000000000##Cause: null pointer dereference##    x0  0000000000000000  x1  00000070a0f2a484  x2  00000070a0f2a484  x3  0000007fcddba4c8##    x4  0000000000000000  x5  b400006f121ff372  x6  000000000000003b  x7  7f7f7f7f7f7f7f7f##    x8  0000000000000000  x
04-19 11:36:00.344  2156  2484 I misight : OnEvent event 901001003 param not json string, {"CrashType":"100000000","CurrentTime":1776580559000,"Digest":"9cf730698906124978d480d6579f7057","Keyword":"{\"vn\":\"1.0.0\",\"vc\":\"1\",\"isRoot\":false,\"count\":1,\"preInstalled\":false,\"unfold\":false,\"ram\":9,\"rom\":128}","PackageName":"com.example.sign_buddy","Stacktrace":"versionName:1.0.0, versionCode:1##Build fingerprint: 'Redmi/tapas_global/tapas:15/AQ3A.240829.003/OS2.0.205.0.VMTMIXM:user/release-keys'##Revision: '0'##ABI: 'arm64'##Process uptime: 3s##Cmdline: com.example.sign_buddy##pid: 10027, tid: 10027, name: mple.sign_buddy  >>> com.example.sign_buddy <<<##uid: 10429##tagged_addr_ctrl: 0000000000000001 (PR_TAGGED_ADDR_ENABLE)##signal 11 (SIGSEGV), code 1 (SEGV_MAPERR), fault addr 0x0000000000000000##Cause: null pointer dereference##    x0  0000000000000000  x1  00000070a0f2a484  x2  00000070a0f2a484  x3  0000007fcddba4c8##    x4  0000000000000000  x5  b400006f121ff372  x6  000000000000003b  x7  7f7f7f7f7f7f7f7f##    x8  0000000000000000  x9 
04-19 11:36:00.360  5769  6018 D MQSEventManager: send MSG_JUDGE_TRANSMISSION packageName com.example.sign_buddy
04-19 11:36:00.386  2821  6345 I ActivityManager: Process com.example.sign_buddy (pid 10027) has died: fg  TOP 
04-19 11:36:00.399  2821  6345 D WindowManager: Collecting in transition 585: Task{81d4c41 #10511 type=standard A=10429:com.example.sign_buddy} init visibleRequested:false
04-19 11:36:00.400  2821  6345 D WindowManager: Collecting in transition 585: ActivityRecord{c81e8c5 u0 com.example.sign_buddy/.MainActivity t10511 f}} init visibleRequested:false
04-19 11:36:00.403  2821  6345 I WindowManager: Not remove startingWindow because this = ActivityRecord{c81e8c5 u0 com.example.sign_buddy/.MainActivity t10511 f}} activityState = DESTROYED mOnFirstWindowDrawn = false mStartingData = SplashScreenStartingData{b16b7d waitForSyncTransactionCommit=false removeAfterTransaction= 1} WaitForSyncTransactionCommit = false mSyncState = 2 inPlaying = false isCollecting = true collecting = TransitionRecord{1d58d81 id=585 type=CLOSE flags=0x10}
04-19 11:36:00.403  2821  6345 W TaskSnapshot_CInjector: doSnapshotQS()...ago! activity=com.example.sign_buddy/.MainActivity, state=DESTROYED, lastVisibleTime=0
04-19 11:36:00.427  2821  6345 D WindowManager: Final targets: [Task{2ebbb7d #1 type=home}, Task{81d4c41 #10511 type=standard A=10429:com.example.sign_buddy}, WallpaperWindowToken{7b9705 token=android.os.Binder@5f6856f}]
04-19 11:36:00.436  2821  6345 D WindowManager: Calling onTransitionReady info={id=585 t=CLOSE f=0x10 trk=0 opt={t=FROM_STYLE} r=[0@Point(0, 0)] c=[{WCT{RemoteToken{1bf3813 Task{2ebbb7d #1 type=home}}} m=TO_FRONT f=SHOW_WALLPAPER|MOVE_TO_TOP leash=Surface(name=Task=1#47)/@0xbe95dd4 sb=Rect(0, 0 - 1080, 2400) eb=Rect(0, 0 - 1080, 2400) d=0 taskParent=-1 v=true},{WCT{RemoteToken{a84ac70 Task{81d4c41 #10511 type=standard A=10429:com.example.sign_buddy}}} m=CLOSE f=NONE leash=Surface(name=Task=10511#7661)/@0xdff6728 sb=Rect(0, 0 - 1080, 2400) eb=Rect(0, 0 - 1080, 2400) d=0 taskParent=-1 v=false},{null m=TO_FRONT f=IS_WALLPAPER leash=Surface(name=WallpaperWindowToken{7b9705 token=android.os.Binder@5f6856f}#59)/@0xf81035a sb=Rect(0, 0 - 1080, 2400) eb=Rect(0, 0 - 1080, 2400) d=0 v=true}] mk=[false] noAni=[false] df=[false] rsa=[false] oa=[false] ho=[true] iSync=[-1]}, mToken=Token{803e061 TransitionRecord{1d58d81 id=585 type=CLOSE flags=0x10}}
04-19 11:36:00.447  2821  6345 D WindowManager: snapshot isNothing = false source = Task{81d4c41 #10511 type=standard A=10429:com.example.sign_buddy}
04-19 11:36:00.450  3941  4110 D WindowTransitionCompat: printLeash::taskInfo = TaskInfo{userId=0 taskId=10511 displayId=0 isRunning=false baseIntent=Intent { act=android.intent.action.MAIN cat=[android.intent.category.LAUNCHER] flg=0x10200000 cmp=com.example.sign_buddy/.MainActivity } baseActivity=null topActivity=null origActivity=null realActivity=ComponentInfo{com.example.sign_buddy/com.example.sign_buddy.MainActivity} numActivities=0 lastActiveTime=83455320 supportsSplitScreenMultiWindow=true supportsMultiWindow=true resizeMode=1 isResizeable=true minWidth=-1 minHeight=-1 defaultMinSize=200 token=WCT{android.window.IWindowContainerToken$Stub$Proxy@783b5c0} topActivityType=1 pictureInPictureParams=null shouldDockBigOverlays=false launchIntoPipHostTaskId=-1 lastParentTaskIdBeforePip=-1 displayCutoutSafeInsets=Rect(0, 94 - 0, 0) topActivityInfo=null launchCookies=[] positionInParent=Point(0, 0) parentTaskId=-1 isFocused=false isVisible=true isVisibleRequested=false isSleeping=false locusId=null displayAreaFeatureId=1 isTopActivityTransparent=false appCompatTaskInfo=AppCompatTaskInfo { topActivityInSizeCompat=false topActivityInMiuiSizeCompat=false topActivityEligibleForLetterboxEducation= falseisLetterboxEducationEnabled= false isLetterboxDoubleTapEnabled= false topActivityEligibleForUserAspectRatioButton= false topActivityBoundsLetterboxed= false isFromLetterboxDoubleTap= false topActivityLetterboxVerticalPosition= -1 topActivityLetterboxHorizontalPosition= -1 topActivityLetterboxWidth=-1 topActivityLetterboxHeight=-1 isUserFullscreenOverrideEnabled=false isSystemFullscreenOverrideEnabled=false cameraCompatTaskInfo=CameraCompatTaskInfo { cameraCompatControlState=hidden freeformCameraCompatMode=inactive}} isImmersive=false mTopActivityRequestOrientation=-2 mBehindAppLockPkg=null mOriginatingUid=0 isEmbedded=false shouldBeVisible=false mIsCastMode=false mTopActivityMediaSize=null mTopActivityRecordName=null mTopActivityOrientation=-2}
04-19 11:36:00.452  3941  4110 D TransitionUtil: get key :ComponentInfo{com.example.sign_buddy/com.example.sign_buddy.MainActivity}#10511
04-19 11:36:00.454  2821  6204 D WindowManager: Starting window removed Window{16e4279 u0 Splash Screen com.example.sign_buddy}
04-19 11:36:00.456  2821  6204 W InputManager-JNI: Input channel object '16e4279 Splash Screen com.example.sign_buddy (client)' was disposed without first being removed with the input manager!
04-19 11:36:00.456  2821  6204 D WindowManager: postWindowRemoveCleanupLocked: Removing startingWindow Window{16e4279 u0 Splash Screen com.example.sign_buddy} from ActivityRecord{c81e8c5 u0 com.example.sign_buddy/.MainActivity t10511 f} isExiting} activity = ActivityRecord{c81e8c5 u0 com.example.sign_buddy/.MainActivity t10511 f} isExiting}
04-19 11:36:00.461  9320 15955 D PerfEngineController: ForegroundInfo{mForegroundPackageName='com.miui.home', mForegroundUid=10145, mForegroundPid=3941, mLastForegroundPackageName='com.example.sign_buddy', mLastForegroundUid=10429, mLastForegroundPid=10027, mMultiWindowForegroundPackageName='com.miui.home', mMultiWindowForegroundUid=10145, mFlags=0}
04-19 11:36:00.461  7149 16565 I ProcessMonitor: onForegroundInfoChanged: ForegroundInfo{mForegroundPackageName='com.miui.home', mForegroundUid=10145, mForegroundPid=3941, mLastForegroundPackageName='com.example.sign_buddy', mLastForegroundUid=10429, mLastForegroundPid=10027, mMultiWindowForegroundPackageName='com.miui.home', mMultiWindowForegroundUid=10145, mFlags=0}
04-19 11:36:00.462  7149 16565 I GameBoosterService: onForegroundInfoChanged: Cur=com.miui.home	 last=com.example.sign_buddy
04-19 11:36:00.462  7149 16565 D GameBoosterService: onGameStatusChange foreground:ForegroundInfo{mForegroundPackageName='com.miui.home', mForegroundUid=10145, mForegroundPid=3941, mLastForegroundPackageName='com.example.sign_buddy', mLastForegroundUid=10429, mLastForegroundPid=10027, mMultiWindowForegroundPackageName='com.miui.home', mMultiWindowForegroundUid=10145, mFlags=0}
04-19 11:36:00.465  1827  1827 E MI-SF   : MiSurfaceFlingerImpl.cpp.vsyncId=6777802, oldVsyncId=6777802, layerName=16e4279 Splash Screen com.example.sign_buddy#7663
04-19 11:36:00.465  1827  1827 E MI-SF   : MiSurfaceFlingerImpl.cpp.vsyncId=6777802, oldVsyncId=6777802, layerName=59a521a ActivityRecordInputSink com.example.sign_buddy/.MainActivity#7668
04-19 11:36:00.474  3941  5503 E ActivityManagerWrapper:  mainTaskId=10511   userId=0   windowMode=1   baseIntent=Intent { act=android.intent.action.MAIN flag=270532608 cmp=ComponentInfo{com.example.sign_buddy/com.example.sign_buddy.MainActivity} }
04-19 11:36:00.475  3941  5503 D RecentsTaskLoader: reloadTasksData [TaskKey{id=10511, stackId=0, baseIntent=Intent { act=android.intent.action.MAIN cat=[android.intent.category.LAUNCHER] flg=0x10200000 cmp=com.example.sign_buddy/.MainActivity }, userId=0, lastActiveTime=83455320, windowingMode=1, isThumbnailBlur=false, isAccessLocked=false, isScreening=false, topActivity=null, mHashCode=314056753}, title=sign_buddy, titleDescription=sign_buddy, bounds=null, isLaunchTarget=false, isStackTask=true, isSystemApp=false, isDockable=true, baseActivity=null, isLocked=false, mNeedHide=false, hasMultipleTasks=false, cti1Key=, cti2Key=] 
04-19 11:36:00.476  9366  9385 I GST     : forePkg: com.miui.home, preForePkg: com.example.sign_buddy
04-19 11:36:00.481  1827  1827 E MI-SF   : MiSurfaceFlingerImpl.cpp.vsyncId=6777809, oldVsyncId=6777809, layerName=Splash Screen com.example.sign_buddy#7664
04-19 11:36:00.481  1827  1827 E MI-SF   : MiSurfaceFlingerImpl.cpp.vsyncId=6777809, oldVsyncId=6777809, layerName=16e4279 Splash Screen com.example.sign_buddy#7663
04-19 11:36:00.751  2821  2894 W ActivityTaskManager: Activity top resumed state loss timeout for ActivityRecord{c81e8c5 u0 com.example.sign_buddy/.MainActivity t10511 f} isExiting}
04-19 11:36:00.969  2821  5212 D Transition: setToBackByHome for Task{81d4c41 #10511 type=standard A=10429:com.example.sign_buddy}
04-19 11:36:00.969  2821  5212 E WindowManager: setClientVisible ActivityRecord{c81e8c5 u0 com.example.sign_buddy/.MainActivity t10511 f} isExiting} false
04-19 11:36:00.970  2821  5212 I Transition: finishTransition: updateLastSurfacePosition tf=Task{81d4c41 #10511 type=standard A=10429:com.example.sign_buddy}
04-19 11:36:00.982  1827  1827 E MI-SF   : MiSurfaceFlingerImpl.cpp.vsyncId=6778115, oldVsyncId=6778115, layerName=16e4279 Splash Screen com.example.sign_buddy#7663
04-19 11:36:00.986  3941  5503 E ActivityManagerWrapper:  mainTaskId=10511   userId=0   windowMode=1   baseIntent=Intent { act=android.intent.action.MAIN flag=270532608 cmp=ComponentInfo{com.example.sign_buddy/com.example.sign_buddy.MainActivity} }
04-19 11:36:00.987  3941  5503 D RecentsTaskLoader: reloadTasksData [TaskKey{id=10511, stackId=0, baseIntent=Intent { act=android.intent.action.MAIN cat=[android.intent.category.LAUNCHER] flg=0x10200000 cmp=com.example.sign_buddy/.MainActivity }, userId=0, lastActiveTime=83455320, windowingMode=1, isThumbnailBlur=false, isAccessLocked=false, isScreening=false, topActivity=null, mHashCode=314056753}, title=sign_buddy, titleDescription=sign_buddy, bounds=null, isLaunchTarget=false, isStackTask=true, isSystemApp=false, isDockable=true, baseActivity=null, isLocked=false, mNeedHide=false, hasMultipleTasks=false, cti1Key=, cti2Key=] 
04-19 11:36:00.999  1827  1827 E MI-SF   : MiSurfaceFlingerImpl.cpp.vsyncId=6778122, oldVsyncId=6778122, layerName=ActivityRecord{c81e8c5 u0 com.example.sign_buddy/.MainActivity t10511}#7662
04-19 11:36:01.769  3941  3941 I TransitionCallback: clear leash = Surface(name=TL_Surface(name=Task=10511#7661)/@0x1fcf5af_transition-leash#7675)/@0xfce6dec, key = ComponentInfo{com.example.sign_buddy/com.example.sign_buddy.MainActivity}#10511
04-19 11:36:09.963  2821  4470 I ActivityManager: Force stopping com.example.sign_buddy appid=10429 user=0: from process:10312
04-19 11:36:09.966  2821  4470 I ClipboardServiceI: removeActivePermissionOwnerForPackage: paste client  clear self pkg = com.example.sign_buddy
04-19 11:36:09.968  2821  4470 I AppsFilter: interaction: PackageSetting{4852885 com.example.signbuddy/10399} -> PackageSetting{ba25549 com.example.sign_buddy/10429} BLOCKED
04-19 11:36:09.968  2821  4470 I AppsFilter: interaction: PackageSetting{703b70b com.android.microdroid.empty_payload/10386} -> PackageSetting{ba25549 com.example.sign_buddy/10429} BLOCKED
04-19 11:36:09.968  2821  4470 I AppsFilter: interaction: PackageSetting{bdc79e8 com.example.productivityapp/10326} -> PackageSetting{ba25549 com.example.sign_buddy/10429} BLOCKED
04-19 11:36:09.968  2821  4470 I AppsFilter: interaction: PackageSetting{b74c801 com.example.my_app/10233} -> PackageSetting{ba25549 com.example.sign_buddy/10429} BLOCKED
04-19 11:36:09.968  2821  4470 I AppsFilter: interaction: PackageSetting{76fa6a6 com.example.task9/10419} -> PackageSetting{ba25549 com.example.sign_buddy/10429} BLOCKED
04-19 11:36:09.968  2821  4470 I AppsFilter: interaction: PackageSetting{9b4b8e7 com.example.quiz1/10388} -> PackageSetting{ba25549 com.example.sign_buddy/10429} BLOCKED
04-19 11:36:09.968  2821  4470 I AppsFilter: interaction: PackageSetting{bf34c94 com.example.task3_interactive_gallery/10038} -> PackageSetting{ba25549 com.example.sign_buddy/10429} BLOCKED
04-19 11:36:09.975  3912  3912 D CarrierSvcBindHelper: onHandleForceStop: [com.example.sign_buddy]
04-19 11:36:14.468 10343 10343 I Finsky  : [2] VerifyApps: Install-time verification requested for package com.example.sign_buddy, PackageManager id = 21, Verifier id = 02b5901e-02cf-430e-b213-170db32c12e4
04-19 11:36:15.438 10343 10363 I Finsky  : [124] VerifyApps: Anti-malware verification task started for package=com.example.sign_buddy
04-19 11:36:16.044 10343 10363 I Finsky  : [124] VerifyApps: chooseScanResult for package=com.example.sign_buddy with timeout=15000ms
04-19 11:36:16.165 10343 10372 I Finsky  : [133] VerifyApps: Starting APK Analysis scan for com.example.sign_buddy.
04-19 11:36:16.170 10343 10372 I Finsky  : [133] Scanning package com.example.sign_buddy contents with client side protections. File: [EC4eH4XQB-8OXl0Y3SSSqBwcPMI8k2BAsCYsUvrJVdw]
04-19 11:36:16.172 10343 10372 I Finsky  : [133] VerifyApps: APK Analysis scan finished for com.example.sign_buddy. Verdict: SAFE
04-19 11:36:16.840 10343 10384 I Finsky  : [145] VerifyApps: Verification package=com.example.sign_buddy, id=21, response=0, upload_requested=false, enable_ecm=false
04-19 11:36:16.847 10343 10384 I Finsky  : [145] VerifyApps: PAM result saving to datastore delayed for package: com.example.sign_buddy
04-19 11:36:16.851 10343 10363 I Finsky  : [124] VerifyApps: ScanResultPicker returned for package=com.example.sign_buddy: SAFE
04-19 11:36:16.851 10343 10363 I Finsky  : [124] VerifyApps: chooseScanResult returning verdict SAFE for package=com.example.sign_buddy
04-19 11:36:16.885 10343 10343 I Finsky  : [2] VerifyApps: Install-time verification complete: id=21, package_name=com.example.sign_buddy
04-19 11:36:17.265  3941  5503 E ActivityManagerWrapper:  mainTaskId=10511   userId=0   windowMode=1   baseIntent=Intent { act=android.intent.action.MAIN flag=270532608 cmp=ComponentInfo{com.example.sign_buddy/com.example.sign_buddy.MainActivity} }
04-19 11:36:17.271  3941  5503 D RecentsTaskLoader: reloadTasksData [TaskKey{id=10511, stackId=0, baseIntent=Intent { act=android.intent.action.MAIN cat=[android.intent.category.LAUNCHER] flg=0x10200000 cmp=com.example.sign_buddy/.MainActivity }, userId=0, lastActiveTime=83455320, windowingMode=1, isThumbnailBlur=false, isAccessLocked=false, isScreening=false, topActivity=null, mHashCode=314056753}, title=sign_buddy, titleDescription=sign_buddy, bounds=null, isLaunchTarget=false, isStackTask=true, isSystemApp=false, isDockable=true, baseActivity=null, isLocked=false, mNeedHide=false, hasMultipleTasks=false, cti1Key=, cti2Key=] 
04-19 11:36:17.324  3941  5503 E ActivityManagerWrapper:  mainTaskId=10511   userId=0   windowMode=1   baseIntent=Intent { act=android.intent.action.MAIN flag=270532608 cmp=ComponentInfo{com.example.sign_buddy/com.example.sign_buddy.MainActivity} }
04-19 11:36:17.325  3941  5503 D RecentsTaskLoader: reloadTasksData [TaskKey{id=10511, stackId=0, baseIntent=Intent { act=android.intent.action.MAIN cat=[android.intent.category.LAUNCHER] flg=0x10200000 cmp=com.example.sign_buddy/.MainActivity }, userId=0, lastActiveTime=83455320, windowingMode=1, isThumbnailBlur=false, isAccessLocked=false, isScreening=false, topActivity=null, mHashCode=314056753}, title=sign_buddy, titleDescription=sign_buddy, bounds=null, isLaunchTarget=false, isStackTask=true, isSystemApp=false, isDockable=true, baseActivity=null, isLocked=false, mNeedHide=false, hasMultipleTasks=false, cti1Key=, cti2Key=] 
04-19 11:36:17.443  3941  5503 E ActivityManagerWrapper:  mainTaskId=10511   userId=0   windowMode=1   baseIntent=Intent { act=android.intent.action.MAIN flag=270532608 cmp=ComponentInfo{com.example.sign_buddy/com.example.sign_buddy.MainActivity} }
04-19 11:36:17.444  3941  5503 D RecentsTaskLoader: reloadTasksData [TaskKey{id=10511, stackId=0, baseIntent=Intent { act=android.intent.action.MAIN cat=[android.intent.category.LAUNCHER] flg=0x10200000 cmp=com.example.sign_buddy/.MainActivity }, userId=0, lastActiveTime=83455320, windowingMode=1, isThumbnailBlur=false, isAccessLocked=false, isScreening=false, topActivity=null, mHashCode=314056753}, title=sign_buddy, titleDescription=sign_buddy, bounds=null, isLaunchTarget=false, isStackTask=true, isSystemApp=false, isDockable=true, baseActivity=null, isLocked=false, mNeedHide=false, hasMultipleTasks=false, cti1Key=, cti2Key=] 
04-19 11:36:17.460  2821  2914 I ActivityManager: Force stopping com.example.sign_buddy appid=10429 user=-1: installPackageLI
04-19 11:36:17.462  2821  2959 I PackageManager: Update package com.example.sign_buddy code path from /data/app/~~q2ElhPevCGYu5Aj5ovtVlQ==/com.example.sign_buddy-DCO01BU-9qxVrSr3DytCZw== to /data/app/~~axVFjh9OAR-zqR4aMO3GNw==/com.example.sign_buddy-KFfJ3pngpRXOp4V4EufVtg==; Retain data and using new
04-19 11:36:17.466  2821  2914 I ClipboardServiceI: removeActivePermissionOwnerForPackage: paste client  clear self pkg = com.example.sign_buddy
04-19 11:36:17.467  2821  2959 I AppsFilter: interaction: PackageSetting{d9ff056 com.example.signbuddy/10399} -> PackageSetting{7a42fe5 com.example.sign_buddy/10429} BLOCKED
04-19 11:36:17.467  2821  2959 I AppsFilter: interaction: PackageSetting{cc9d715 com.android.microdroid.empty_payload/10386} -> PackageSetting{7a42fe5 com.example.sign_buddy/10429} BLOCKED
04-19 11:36:17.467  2821  2959 I AppsFilter: interaction: PackageSetting{e1424b1 com.example.productivityapp/10326} -> PackageSetting{7a42fe5 com.example.sign_buddy/10429} BLOCKED
04-19 11:36:17.467  2821  2959 I AppsFilter: interaction: PackageSetting{36c392d com.example.my_app/10233} -> PackageSetting{7a42fe5 com.example.sign_buddy/10429} BLOCKED
04-19 11:36:17.467  2821  2959 I AppsFilter: interaction: PackageSetting{3960966 com.example.task9/10419} -> PackageSetting{7a42fe5 com.example.sign_buddy/10429} BLOCKED
04-19 11:36:17.467  2821  2959 I AppsFilter: interaction: PackageSetting{ffffdc1 com.example.quiz1/10388} -> PackageSetting{7a42fe5 com.example.sign_buddy/10429} BLOCKED
04-19 11:36:17.467  2821  2959 I AppsFilter: interaction: PackageSetting{3065842 com.example.task3_interactive_gallery/10038} -> PackageSetting{7a42fe5 com.example.sign_buddy/10429} BLOCKED
04-19 11:36:17.468  2821  2959 I AppsFilter: interaction: PackageSetting{d9ff056 com.example.signbuddy/10399} -> PackageSetting{6eb05fa com.example.sign_buddy/10429} BLOCKED
04-19 11:36:17.468  2821  2959 I AppsFilter: interaction: PackageSetting{cc9d715 com.android.microdroid.empty_payload/10386} -> PackageSetting{6eb05fa com.example.sign_buddy/10429} BLOCKED
04-19 11:36:17.468  2821  2959 I AppsFilter: interaction: PackageSetting{e1424b1 com.example.productivityapp/10326} -> PackageSetting{6eb05fa com.example.sign_buddy/10429} BLOCKED
04-19 11:36:17.468  2821  2959 I AppsFilter: interaction: PackageSetting{36c392d com.example.my_app/10233} -> PackageSetting{6eb05fa com.example.sign_buddy/10429} BLOCKED
04-19 11:36:17.468  2821  2959 I AppsFilter: interaction: PackageSetting{3960966 com.example.task9/10419} -> PackageSetting{6eb05fa com.example.sign_buddy/10429} BLOCKED
04-19 11:36:17.468  2821  2959 I AppsFilter: interaction: PackageSetting{ffffdc1 com.example.quiz1/10388} -> PackageSetting{6eb05fa com.example.sign_buddy/10429} BLOCKED
04-19 11:36:17.468  2821  2959 I AppsFilter: interaction: PackageSetting{3065842 com.example.task3_interactive_gallery/10038} -> PackageSetting{6eb05fa com.example.sign_buddy/10429} BLOCKED
04-19 11:36:17.470  3941  5503 E ActivityManagerWrapper:  mainTaskId=10511   userId=0   windowMode=1   baseIntent=Intent { act=android.intent.action.MAIN flag=270532608 cmp=ComponentInfo{com.example.sign_buddy/com.example.sign_buddy.MainActivity} }
04-19 11:36:17.471  3941  5503 D RecentsTaskLoader: reloadTasksData [TaskKey{id=10511, stackId=0, baseIntent=Intent { act=android.intent.action.MAIN cat=[android.intent.category.LAUNCHER] flg=0x10200000 cmp=com.example.sign_buddy/.MainActivity }, userId=0, lastActiveTime=83455320, windowingMode=1, isThumbnailBlur=false, isAccessLocked=false, isScreening=false, topActivity=null, mHashCode=314056753}, title=sign_buddy, titleDescription=sign_buddy, bounds=null, isLaunchTarget=false, isStackTask=true, isSystemApp=false, isDockable=true, baseActivity=null, isLocked=false, mNeedHide=false, hasMultipleTasks=false, cti1Key=, cti2Key=] 
04-19 11:36:17.507  3941  5503 E ActivityManagerWrapper:  mainTaskId=10511   userId=0   windowMode=1   baseIntent=Intent { act=android.intent.action.MAIN flag=270532608 cmp=ComponentInfo{com.example.sign_buddy/com.example.sign_buddy.MainActivity} }
04-19 11:36:17.508  3941  5503 D RecentsTaskLoader: reloadTasksData [TaskKey{id=10511, stackId=0, baseIntent=Intent { act=android.intent.action.MAIN cat=[android.intent.category.LAUNCHER] flg=0x10200000 cmp=com.example.sign_buddy/.MainActivity }, userId=0, lastActiveTime=83455320, windowingMode=1, isThumbnailBlur=false, isAccessLocked=false, isScreening=false, topActivity=null, mHashCode=314056753}, title=sign_buddy, titleDescription=sign_buddy, bounds=null, isLaunchTarget=false, isStackTask=true, isSystemApp=false, isDockable=true, baseActivity=null, isLocked=false, mNeedHide=false, hasMultipleTasks=false, cti1Key=, cti2Key=] 
04-19 11:36:17.594  2821  2959 I PackageManager: Running dexopt (packageName=com.example.sign_buddy)
04-19 11:36:17.600  2821  2959 W PackageFreezer: Freeze package com.example.sign_buddy about 0.141 seconds for reason: installPackageLI
04-19 11:36:17.601  2821  2959 I InstallationTiming: com.example.sign_buddy|null|7600|3953|148|4|0|2759|4
04-19 11:36:17.601  2821  3588 D ProfileTranscode: com.example.sign_buddy read profile exception: java.io.FileNotFoundException: dexopt/baseline.prof
04-19 11:36:17.601  2821  2959 I AppsFilter: interaction: PackageSetting{4852885 com.example.signbuddy/10399} -> PackageSetting{7c51e79 com.example.sign_buddy/10429} BLOCKED
04-19 11:36:17.602  2821  2959 I AppsFilter: interaction: PackageSetting{703b70b com.android.microdroid.empty_payload/10386} -> PackageSetting{7c51e79 com.example.sign_buddy/10429} BLOCKED
04-19 11:36:17.602  2821  2959 I AppsFilter: interaction: PackageSetting{bdc79e8 com.example.productivityapp/10326} -> PackageSetting{7c51e79 com.example.sign_buddy/10429} BLOCKED
04-19 11:36:17.602  2821  3588 D BaselineProfile: com.example.sign_buddy prepareDexMetadata success: false
04-19 11:36:17.602  2821  2959 I AppsFilter: interaction: PackageSetting{b74c801 com.example.my_app/10233} -> PackageSetting{7c51e79 com.example.sign_buddy/10429} BLOCKED
04-19 11:36:17.602  2821  2959 I AppsFilter: interaction: PackageSetting{76fa6a6 com.example.task9/10419} -> PackageSetting{7c51e79 com.example.sign_buddy/10429} BLOCKED
04-19 11:36:17.602  2821  2959 I AppsFilter: interaction: PackageSetting{9b4b8e7 com.example.quiz1/10388} -> PackageSetting{7c51e79 com.example.sign_buddy/10429} BLOCKED
04-19 11:36:17.602  2821  2959 I AppsFilter: interaction: PackageSetting{bf34c94 com.example.task3_interactive_gallery/10038} -> PackageSetting{7c51e79 com.example.sign_buddy/10429} BLOCKED
04-19 11:36:17.602  2821  3588 D BaselineProfile: com.example.sign_buddy exception:android.os.DeadObjectException
04-19 11:36:17.611  2821  2959 I ActivityManager: Force stopping com.example.sign_buddy appid=10429 user=0: pkg removed
04-19 11:36:17.616  2821  2959 I ClipboardServiceI: removeActivePermissionOwnerForPackage: paste client  clear self pkg = com.example.sign_buddy
04-19 11:36:17.635  3918  3918 D MiuiClockController: receive package changed com.example.sign_buddy
04-19 11:36:17.640  2821  3266 D MiuiNetworkPolicyAppBuckets: updateAppPN packageName=com.example.sign_buddy,uid=10429,installed=false
04-19 11:36:17.646  6116  6630 I GrayResultDBManager: deleteInfoByPackageName from db pkgName com.example.sign_buddy dbr 0
04-19 11:36:17.655 17301 17301 D MST_PackageCache: onPackageRemoved:com.example.sign_buddy
04-19 11:36:17.661  2821  3221 W PackageConfigPersister: App-specific configuration not found for packageName: com.example.sign_buddy and userId: 0
04-19 11:36:17.662  3941  3941 D Launcher.Model: LauncherAppsCallback onPackageChanged|com.example.sign_buddy|UserHandle{0}|false
04-19 11:36:17.663  3941  3941 D Launcher.Model: onPackageChanged: packageName = com.example.sign_buddy
04-19 11:36:17.664  3941  3941 D Launcher.Model: checkWidgetBlurState: post WidgetBlurStateMessage com.example.sign_buddy
04-19 11:36:17.664  3941  3941 D Launcher.Widget: onMessageEvent: message = WidgetBlurStateMessage{packageName='com.example.sign_buddy'}
04-19 11:36:17.664  3941  3941 D Launcher.Widget: onMessageEvent: message = WidgetBlurStateMessage{packageName='com.example.sign_buddy'}
04-19 11:36:17.664  3941  3941 D Launcher.Widget: onMessageEvent: message = WidgetBlurStateMessage{packageName='com.example.sign_buddy'}
04-19 11:36:17.664  3941  3941 D Launcher.Widget: onMessageEvent: message = WidgetBlurStateMessage{packageName='com.example.sign_buddy'}
04-19 11:36:17.665  2821  2911 I MiuiCompatModePackages: package com.example.sign_buddy updated, removing config
04-19 11:36:17.665  2821  3395 D GreezeManager: uid: 10429  pkg:com.example.sign_buddy package added.
04-19 11:36:17.667  2821  3512 D ShortcutService: replacing package: com.example.sign_buddy userId0
04-19 11:36:17.667  2821  3512 D ShortcutService: handlePackageUpdateFinished: com.example.sign_buddy user=0
04-19 11:36:17.668  2821  3266 D MiuiNetworkPolicyAppBuckets: updateAppPN packageName=com.example.sign_buddy,uid=10429,installed=true
04-19 11:36:17.668  2821  3520 I SdkSandboxManager: No SDKs used. Skipping SDK data reconcilation for CallingInfo{mUid=10429, mPackageName='com.example.sign_buddy, mAppProcessToken='null'}
04-19 11:36:17.671  3912  3912 D CarrierSvcBindHelper: onPackageUpdateFinished: com.example.sign_buddy
04-19 11:36:17.671  2821  3512 D ShortcutService: rescanPackageIfNeeded 0@com.example.sign_buddy, forceRescan=true , isNewApp=true
04-19 11:36:17.672  3912  3912 D CarrierSvcBindHelper: onPackageModified: com.example.sign_buddy
04-19 11:36:17.674  3912  4363 D ImsResolver: maybeAddedImsService, packageName: com.example.sign_buddy
04-19 11:36:17.674  3941  4059 I IconCustomizer: find better bitmap : 132, for com.example.sign_buddy
04-19 11:36:17.675  3941  4059 I IconCustomizer: find better bitmap : 156, for com.example.sign_buddy
04-19 11:36:17.679  3918  3918 D MiuiClockController: receive package changed com.example.sign_buddy
04-19 11:36:17.681  7149  8093 D AppInstalledReceiver: packageName: com.example.sign_buddy
04-19 11:36:17.682  2821  3512 D ShortcutService: Package com.example.sign_buddy has 0 manifest shortcut(s), and 0 share target(s)
04-19 11:36:17.686  3941  4059 I IconCustomizer: find better bitmap : 180, for com.example.sign_buddy
04-19 11:36:17.687  2821  2821 I Telecom : CarModeTracker: Package com.example.sign_buddy is not tracked.: SSH.oR@P0g
04-19 11:36:17.687  3941  4059 D IconCustomizer: Generate customized icon for com.example.sign_buddy.png, true
04-19 11:36:17.687  3941  4059 I IconCustomizer: composeIconWithTrans FullMask: for com.example.sign_buddy.png
04-19 11:36:17.693  3941  4059 D Launcher.AllAppsList: updatePackage, packageName=com.example.sign_buddy, loadMissing=false, user=UserHandle{0}, matchedSize=1
04-19 11:36:17.693  3941  4059 D Launcher.AllAppsList: updatePackage, find appInfo=AppInfo, id=-1, itemType=0, user=UserHandle{0}, mIconType=0, pkgName=com.example.sign_buddy, className=com.example.sign_buddy.MainActivity, screenId=-1, container=-1, cellX=-1, cellY=-1, spanX=1, spanY=1 from ComponentInfo{com.example.sign_buddy/com.example.sign_buddy.MainActivity}
04-19 11:36:17.695  3941  4059 D Launcher.Model: onReceiveBackground, mAllAppsList=add=[], remove=[], modified=[(0, AppInfo, id=-1, itemType=0, user=UserHandle{0}, mIconType=0, pkgName=com.example.sign_buddy, className=com.example.sign_buddy.MainActivity, screenId=-1, container=-1, cellX=-1, cellY=-1, spanX=1, spanY=1)]
04-19 11:36:17.699 17301 17301 D MST_PackageCache: onPackageAdded:com.example.sign_buddy
04-19 11:36:17.699  3941  4064 W PreviewDisappear: getIcon info target: ComponentInfo{com.example.sign_buddy/com.example.sign_buddy.MainActivity}
04-19 11:36:17.699  3941  4064 W PreviewDisappear: getIcon info intent: Intent { act=android.intent.action.MAIN cat=[android.intent.category.LAUNCHER] flg=0x10200000 cmp=com.example.sign_buddy/.MainActivity (has extras) }
04-19 11:36:17.703 26014 26014 D ActivityThread: Package [com.example.sign_buddy] reported as REPLACED, but missing application info. Assuming REMOVED.
04-19 11:36:17.704 23617 23617 D ActivityThread: Package [com.example.sign_buddy] reported as REPLACED, but missing application info. Assuming REMOVED.
04-19 11:36:17.704 10343 10343 D ActivityThread: Package [com.example.sign_buddy] reported as REPLACED, but missing application info. Assuming REMOVED.
04-19 11:36:17.705  9408  9408 D ActivityThread: Package [com.example.sign_buddy] reported as REPLACED, but missing application info. Assuming REMOVED.
04-19 11:36:17.705 10811 10811 D ActivityThread: Package [com.example.sign_buddy] reported as REPLACED, but missing application info. Assuming REMOVED.
04-19 11:36:17.705 21933 21933 D ActivityThread: Package [com.example.sign_buddy] reported as REPLACED, but missing application info. Assuming REMOVED.
04-19 11:36:17.706 10146 10146 D ActivityThread: Package [com.example.sign_buddy] reported as REPLACED, but missing application info. Assuming REMOVED.
04-19 11:36:17.706  9366  9366 D ActivityThread: Package [com.example.sign_buddy] reported as REPLACED, but missing application info. Assuming REMOVED.
04-19 11:36:17.706  6116  6116 D ActivityThread: Package [com.example.sign_buddy] reported as REPLACED, but missing application info. Assuming REMOVED.
04-19 11:36:17.706 10196 10196 D ActivityThread: Package [com.example.sign_buddy] reported as REPLACED, but missing application info. Assuming REMOVED.
04-19 11:36:17.706 17170 17170 D ActivityThread: Package [com.example.sign_buddy] reported as REPLACED, but missing application info. Assuming REMOVED.
04-19 11:36:17.706  9148  9148 D ActivityThread: Package [com.example.sign_buddy] reported as REPLACED, but missing application info. Assuming REMOVED.
04-19 11:36:17.706  6324  6324 D ActivityThread: Package [com.example.sign_buddy] reported as REPLACED, but missing application info. Assuming REMOVED.
04-19 11:36:17.707  5838  5838 D ActivityThread: Package [com.example.sign_buddy] reported as REPLACED, but missing application info. Assuming REMOVED.
04-19 11:36:17.707 27624 27624 D ActivityThread: Package [com.example.sign_buddy] reported as REPLACED, but missing application info. Assuming REMOVED.
04-19 11:36:17.707  9845  9845 D ActivityThread: Package [com.example.sign_buddy] reported as REPLACED, but missing application info. Assuming REMOVED.
04-19 11:36:17.707  5865  5865 D ActivityThread: Package [com.example.sign_buddy] reported as REPLACED, but missing application info. Assuming REMOVED.
04-19 11:36:17.707  5702  5702 D ActivityThread: Package [com.example.sign_buddy] reported as REPLACED, but missing application info. Assuming REMOVED.
04-19 11:36:17.707 10080 10080 D ActivityThread: Package [com.example.sign_buddy] reported as REPLACED, but missing application info. Assuming REMOVED.
04-19 11:36:17.707 17199 17199 D ActivityThread: Package [com.example.sign_buddy] reported as REPLACED, but missing application info. Assuming REMOVED.
04-19 11:36:17.707 21214 21214 D ActivityThread: Package [com.example.sign_buddy] reported as REPLACED, but missing application info. Assuming REMOVED.
04-19 11:36:17.707  5854  5854 D ActivityThread: Package [com.example.sign_buddy] reported as REPLACED, but missing application info. Assuming REMOVED.
04-19 11:36:17.707  9886  9886 D ActivityThread: Package [com.example.sign_buddy] reported as REPLACED, but missing application info. Assuming REMOVED.
04-19 11:36:17.708  9842  9842 D ActivityThread: Package [com.example.sign_buddy] reported as REPLACED, but missing application info. Assuming REMOVED.
04-19 11:36:17.706 10506 10506 D ActivityThread: Package [com.example.sign_buddy] reported as REPLACED, but missing application info. Assuming REMOVED.
04-19 11:36:17.708  5847  5847 D ActivityThread: Package [com.example.sign_buddy] reported as REPLACED, but missing application info. Assuming REMOVED.
04-19 11:36:17.708   442   442 D ActivityThread: Package [com.example.sign_buddy] reported as REPLACED, but missing application info. Assuming REMOVED.
04-19 11:36:17.708  9686  9686 D ActivityThread: Package [com.example.sign_buddy] reported as REPLACED, but missing application info. Assuming REMOVED.
04-19 11:36:17.708  9963  9963 D ActivityThread: Package [com.example.sign_buddy] reported as REPLACED, but missing application info. Assuming REMOVED.
04-19 11:36:17.708 10424 10424 D ActivityThread: Package [com.example.sign_buddy] reported as REPLACED, but missing application info. Assuming REMOVED.
04-19 11:36:17.708  4372  4372 D ActivityThread: Package [com.example.sign_buddy] reported as REPLACED, but missing application info. Assuming REMOVED.
04-19 11:36:17.708  9489  9489 D ActivityThread: Package [com.example.sign_buddy] reported as REPLACED, but missing application info. Assuming REMOVED.
04-19 11:36:17.709 21671 21671 D ActivityThread: Package [com.example.sign_buddy] reported as REPLACED, but missing application info. Assuming REMOVED.
04-19 11:36:17.709  5519  5519 D ActivityThread: Package [com.example.sign_buddy] reported as REPLACED, but missing application info. Assuming REMOVED.
04-19 11:36:17.709  9054  9054 D ActivityThread: Package [com.example.sign_buddy] reported as REPLACED, but missing application info. Assuming REMOVED.
04-19 11:36:17.709 21520 21520 D ActivityThread: Package [com.example.sign_buddy] reported as REPLACED, but missing application info. Assuming REMOVED.
04-19 11:36:17.709   806   806 D ActivityThread: Package [com.example.sign_buddy] reported as REPLACED, but missing application info. Assuming REMOVED.
04-19 11:36:17.709  9405  9405 D ActivityThread: Package [com.example.sign_buddy] reported as REPLACED, but missing application info. Assuming REMOVED.
04-19 11:36:17.709  7706  7706 D ActivityThread: Package [com.example.sign_buddy] reported as REPLACED, but missing application info. Assuming REMOVED.
04-19 11:36:17.710  9515  9515 D ActivityThread: Package [com.example.sign_buddy] reported as REPLACED, but missing application info. Assuming REMOVED.
04-19 11:36:17.710  1432  1432 D ActivityThread: Package [com.example.sign_buddy] reported as REPLACED, but missing application info. Assuming REMOVED.
04-19 11:36:17.710 16751 16751 D ActivityThread: Package [com.example.sign_buddy] reported as REPLACED, but missing application info. Assuming REMOVED.
04-19 11:36:17.711 21496 21496 D ActivityThread: Package [com.example.sign_buddy] reported as REPLACED, but missing application info. Assuming REMOVED.
04-19 11:36:17.711  3926  3926 D ActivityThread: Package [com.example.sign_buddy] reported as REPLACED, but missing application info. Assuming REMOVED.
04-19 11:36:17.711 26889 26889 D ActivityThread: Package [com.example.sign_buddy] reported as REPLACED, but missing application info. Assuming REMOVED.
04-19 11:36:17.711  3918  3918 D ActivityThread: Package [com.example.sign_buddy] reported as REPLACED, but missing application info. Assuming REMOVED.
04-19 11:36:17.711 17301 17301 D ActivityThread: Package [com.example.sign_buddy] reported as REPLACED, but missing application info. Assuming REMOVED.
04-19 11:36:17.709  4805  4805 D ActivityThread: Package [com.example.sign_buddy] reported as REPLACED, but missing application info. Assuming REMOVED.
04-19 11:36:17.711  5088  5088 D ActivityThread: Package [com.example.sign_buddy] reported as REPLACED, but missing application info. Assuming REMOVED.
04-19 11:36:17.711  4946  4946 D ActivityThread: Package [com.example.sign_buddy] reported as REPLACED, but missing application info. Assuming REMOVED.
04-19 11:36:17.711  7149  7149 D ActivityThread: Package [com.example.sign_buddy] reported as REPLACED, but missing application info. Assuming REMOVED.
04-19 11:36:17.712  5890  5890 D ActivityThread: Package [com.example.sign_buddy] reported as REPLACED, but missing application info. Assuming REMOVED.
04-19 11:36:17.713 11218 11218 D ActivityThread: Package [com.example.sign_buddy] reported as REPLACED, but missing application info. Assuming REMOVED.
04-19 11:36:17.713   505   505 D ActivityThread: Package [com.example.sign_buddy] reported as REPLACED, but missing application info. Assuming REMOVED.
04-19 11:36:17.713  6144  6144 D ActivityThread: Package [com.example.sign_buddy] reported as REPLACED, but missing application info. Assuming REMOVED.
04-19 11:36:17.713 26890 26890 D ActivityThread: Package [com.example.sign_buddy] reported as REPLACED, but missing application info. Assuming REMOVED.
04-19 11:36:17.714 22654 22654 D ActivityThread: Package [com.example.sign_buddy] reported as REPLACED, but missing application info. Assuming REMOVED.
04-19 11:36:17.714 22674 22674 D ActivityThread: Package [com.example.sign_buddy] reported as REPLACED, but missing application info. Assuming REMOVED.
04-19 11:36:17.714  3879  3879 D ActivityThread: Package [com.example.sign_buddy] reported as REPLACED, but missing application info. Assuming REMOVED.
04-19 11:36:17.714  3869  3869 D ActivityThread: Package [com.example.sign_buddy] reported as REPLACED, but missing application info. Assuming REMOVED.
04-19 11:36:17.714  3888  3888 D ActivityThread: Package [com.example.sign_buddy] reported as REPLACED, but missing application info. Assuming REMOVED.
04-19 11:36:17.715  9320  9320 D ActivityThread: Package [com.example.sign_buddy] reported as REPLACED, but missing application info. Assuming REMOVED.
04-19 11:36:17.715  3846  3846 D ActivityThread: Package [com.example.sign_buddy] reported as REPLACED, but missing application info. Assuming REMOVED.
04-19 11:36:17.715  3865  3865 D ActivityThread: Package [com.example.sign_buddy] reported as REPLACED, but missing application info. Assuming REMOVED.
04-19 11:36:17.716  9166  9166 D ActivityThread: Package [com.example.sign_buddy] reported as REPLACED, but missing application info. Assuming REMOVED.
04-19 11:36:17.716 17280 17280 D ActivityThread: Package [com.example.sign_buddy] reported as REPLACED, but missing application info. Assuming REMOVED.
04-19 11:36:17.716 17770 17770 D ActivityThread: Package [com.example.sign_buddy] reported as REPLACED, but missing application info. Assuming REMOVED.
04-19 11:36:17.716 21524 21524 D ActivityThread: Package [com.example.sign_buddy] reported as REPLACED, but missing application info. Assuming REMOVED.
04-19 11:36:17.716 22656 22656 D ActivityThread: Package [com.example.sign_buddy] reported as REPLACED, but missing application info. Assuming REMOVED.
04-19 11:36:17.717  3941  3941 D ActivityThread: Package [com.example.sign_buddy] reported as REPLACED, but missing application info. Assuming REMOVED.
04-19 11:36:17.717  3834  3834 D ActivityThread: Package [com.example.sign_buddy] reported as REPLACED, but missing application info. Assuming REMOVED.
04-19 11:36:17.717  5687  5687 D ActivityThread: Package [com.example.sign_buddy] reported as REPLACED, but missing application info. Assuming REMOVED.
04-19 11:36:17.718  5771  5771 D ActivityThread: Package [com.example.sign_buddy] reported as REPLACED, but missing application info. Assuming REMOVED.
04-19 11:36:17.719  5769  5769 D ActivityThread: Package [com.example.sign_buddy] reported as REPLACED, but missing application info. Assuming REMOVED.
04-19 11:36:17.719  5820  5820 D ActivityThread: Package [com.example.sign_buddy] reported as REPLACED, but missing application info. Assuming REMOVED.
04-19 11:36:17.719  3807  3807 D ActivityThread: Package [com.example.sign_buddy] reported as REPLACED, but missing application info. Assuming REMOVED.
04-19 11:36:17.721  8725  8725 D ActivityThread: Package [com.example.sign_buddy] reported as REPLACED, but missing application info. Assuming REMOVED.
04-19 11:36:17.721   806   806 D ActivityThread: Package [com.example.sign_buddy] reported as REPLACED, but missing application info. Assuming REMOVED.
04-19 11:36:17.722 23617 23617 D ActivityThread: Package [com.example.sign_buddy] reported as REPLACED, but missing application info. Assuming REMOVED.
04-19 11:36:17.722 10811 10811 D ActivityThread: Package [com.example.sign_buddy] reported as REPLACED, but missing application info. Assuming REMOVED.
04-19 11:36:17.722  4372  4372 D ActivityThread: Package [com.example.sign_buddy] reported as REPLACED, but missing application info. Assuming REMOVED.
04-19 11:36:17.722  5519  5519 D ActivityThread: Package [com.example.sign_buddy] reported as REPLACED, but missing application info. Assuming REMOVED.
04-19 11:36:17.722 26014 26014 D ActivityThread: Package [com.example.sign_buddy] reported as REPLACED, but missing application info. Assuming REMOVED.
04-19 11:36:17.723 27624 27624 D ActivityThread: Package [com.example.sign_buddy] reported as REPLACED, but missing application info. Assuming REMOVED.
04-19 11:36:17.723   442   442 D ActivityThread: Package [com.example.sign_buddy] reported as REPLACED, but missing application info. Assuming REMOVED.
04-19 11:36:17.723  3941  3941 D ActivityThread: Package [com.example.sign_buddy] reported as REPLACED, but missing application info. Assuming REMOVED.
04-19 11:36:17.723  5702  5702 D ActivityThread: Package [com.example.sign_buddy] reported as REPLACED, but missing application info. Assuming REMOVED.
04-19 11:36:17.723  9366  9366 D ActivityThread: Package [com.example.sign_buddy] reported as REPLACED, but missing application info. Assuming REMOVED.
04-19 11:36:17.723   505   505 D ActivityThread: Package [com.example.sign_buddy] reported as REPLACED, but missing application info. Assuming REMOVED.
04-19 11:36:17.724 10080 10080 D ActivityThread: Package [com.example.sign_buddy] reported as REPLACED, but missing application info. Assuming REMOVED.
04-19 11:36:17.724 10424 10424 D ActivityThread: Package [com.example.sign_buddy] reported as REPLACED, but missing application info. Assuming REMOVED.
04-19 11:36:17.724  9845  9845 D ActivityThread: Package [com.example.sign_buddy] reported as REPLACED, but missing application info. Assuming REMOVED.
04-19 11:36:17.724 17199 17199 D ActivityThread: Package [com.example.sign_buddy] reported as REPLACED, but missing application info. Assuming REMOVED.
04-19 11:36:17.724  9408  9408 D ActivityThread: Package [com.example.sign_buddy] reported as REPLACED, but missing application info. Assuming REMOVED.
04-19 11:36:17.725 21671 21671 D ActivityThread: Package [com.example.sign_buddy] reported as REPLACED, but missing application info. Assuming REMOVED.
04-19 11:36:17.725 10343 10343 D ActivityThread: Package [com.example.sign_buddy] reported as REPLACED, but missing application info. Assuming REMOVED.
04-19 11:36:17.725  6324  6324 D ActivityThread: Package [com.example.sign_buddy] reported as REPLACED, but missing application info. Assuming REMOVED.
04-19 11:36:17.725 21520 21520 D ActivityThread: Package [com.example.sign_buddy] reported as REPLACED, but missing application info. Assuming REMOVED.
04-19 11:36:17.725 10146 10146 D ActivityThread: Package [com.example.sign_buddy] reported as REPLACED, but missing application info. Assuming REMOVED.
04-19 11:36:17.725 21933 21933 D ActivityThread: Package [com.example.sign_buddy] reported as REPLACED, but missing application info. Assuming REMOVED.
04-19 11:36:17.725  9842  9842 D ActivityThread: Package [com.example.sign_buddy] reported as REPLACED, but missing application info. Assuming REMOVED.
04-19 11:36:17.725 22674 22674 D ActivityThread: Package [com.example.sign_buddy] reported as REPLACED, but missing application info. Assuming REMOVED.
04-19 11:36:17.725  5088  5088 D ActivityThread: Package [com.example.sign_buddy] reported as REPLACED, but missing application info. Assuming REMOVED.
04-19 11:36:17.726  9686  9686 D ActivityThread: Package [com.example.sign_buddy] reported as REPLACED, but missing application info. Assuming REMOVED.
04-19 11:36:17.726  9963  9963 D ActivityThread: Package [com.example.sign_buddy] reported as REPLACED, but missing application info. Assuming REMOVED.
04-19 11:36:17.726  9148  9148 D ActivityThread: Package [com.example.sign_buddy] reported as REPLACED, but missing application info. Assuming REMOVED.
04-19 11:36:17.726  9886  9886 D ActivityThread: Package [com.example.sign_buddy] reported as REPLACED, but missing application info. Assuming REMOVED.
04-19 11:36:17.726 22656 22656 D ActivityThread: Package [com.example.sign_buddy] reported as REPLACED, but missing application info. Assuming REMOVED.
04-19 11:36:17.726  7706  7706 D ActivityThread: Package [com.example.sign_buddy] reported as REPLACED, but missing application info. Assuming REMOVED.
04-19 11:36:17.727  5687  5687 D ActivityThread: Package [com.example.sign_buddy] reported as REPLACED, but missing application info. Assuming REMOVED.
04-19 11:36:17.727  9489  9489 D ActivityThread: Package [com.example.sign_buddy] reported as REPLACED, but missing application info. Assuming REMOVED.
