04-19 11:32:25.473  5820  5820 D ActivityThread: Package [com.example.sign_buddy] reported as REPLACED, but missing application info. Assuming REMOVED.
04-19 11:32:25.473  5771  5771 D ActivityThread: Package [com.example.sign_buddy] reported as REPLACED, but missing application info. Assuming REMOVED.
04-19 11:32:25.474 21214 21214 D ActivityThread: Package [com.example.sign_buddy] reported as REPLACED, but missing application info. Assuming REMOVED.
04-19 11:32:25.474  3941  3941 D ActivityThread: Package [com.example.sign_buddy] reported as REPLACED, but missing application info. Assuming REMOVED.
04-19 11:32:25.474 17199 17199 D ActivityThread: Package [com.example.sign_buddy] reported as REPLACED, but missing application info. Assuming REMOVED.
04-19 11:32:25.474  5702  5702 D ActivityThread: Package [com.example.sign_buddy] reported as REPLACED, but missing application info. Assuming REMOVED.
04-19 11:32:25.474  5890  5890 D ActivityThread: Package [com.example.sign_buddy] reported as REPLACED, but missing application info. Assuming REMOVED.
04-19 11:32:25.475 26890 26890 D ActivityThread: Package [com.example.sign_buddy] reported as REPLACED, but missing application info. Assuming REMOVED.
04-19 11:32:25.475  1432  1432 D ActivityThread: Package [com.example.sign_buddy] reported as REPLACED, but missing application info. Assuming REMOVED.
04-19 11:32:25.475  3888  3888 D ActivityThread: Package [com.example.sign_buddy] reported as REPLACED, but missing application info. Assuming REMOVED.
04-19 11:32:25.476  3865  3865 D ActivityThread: Package [com.example.sign_buddy] reported as REPLACED, but missing application info. Assuming REMOVED.
04-19 11:32:25.476  3879  3879 D ActivityThread: Package [com.example.sign_buddy] reported as REPLACED, but missing application info. Assuming REMOVED.
04-19 11:32:25.477  5847  5847 D ActivityThread: Package [com.example.sign_buddy] reported as REPLACED, but missing application info. Assuming REMOVED.
04-19 11:32:25.477  3846  3846 D ActivityThread: Package [com.example.sign_buddy] reported as REPLACED, but missing application info. Assuming REMOVED.
04-19 11:32:25.479  3807  3807 D ActivityThread: Package [com.example.sign_buddy] reported as REPLACED, but missing application info. Assuming REMOVED.
04-19 11:32:25.480  3834  3834 D ActivityThread: Package [com.example.sign_buddy] reported as REPLACED, but missing application info. Assuming REMOVED.
04-19 11:32:25.480  3926  3926 D ActivityThread: Package [com.example.sign_buddy] reported as REPLACED, but missing application info. Assuming REMOVED.
04-19 11:32:25.480  9166  9166 D ActivityThread: Package [com.example.sign_buddy] reported as REPLACED, but missing application info. Assuming REMOVED.
04-19 11:32:25.481 21496 21496 D ActivityThread: Package [com.example.sign_buddy] reported as REPLACED, but missing application info. Assuming REMOVED.
04-19 11:32:25.482   442   442 D ActivityThread: Package [com.example.sign_buddy] reported as REPLACED, but missing application info. Assuming REMOVED.
04-19 11:32:25.483  6116  6116 D ActivityThread: Package [com.example.sign_buddy] reported as REPLACED, but missing application info. Assuming REMOVED.
04-19 11:32:25.483  3869  3869 D ActivityThread: Package [com.example.sign_buddy] reported as REPLACED, but missing application info. Assuming REMOVED.
04-19 11:32:25.484 22654 22654 D ActivityThread: Package [com.example.sign_buddy] reported as REPLACED, but missing application info. Assuming REMOVED.
04-19 11:32:25.485 17301 17301 D MST_PackageCache: onPackageRemoved:com.example.sign_buddy
04-19 11:32:25.486  3912  3912 D ActivityThread: Package [com.example.sign_buddy] reported as REPLACED, but missing application info. Assuming REMOVED.
04-19 11:32:25.486  7149  7149 D ActivityThread: Package [com.example.sign_buddy] reported as REPLACED, but missing application info. Assuming REMOVED.
04-19 11:32:25.489  5769  5769 D ActivityThread: Package [com.example.sign_buddy] reported as REPLACED, but missing application info. Assuming REMOVED.
04-19 11:32:25.491  2821  3512 D ShortcutService: replacing package: com.example.sign_buddy userId0
04-19 11:32:25.491  2821  3512 D ShortcutService: handlePackageUpdateFinished: com.example.sign_buddy user=0
04-19 11:32:25.494  2821  3266 D MiuiNetworkPolicyAppBuckets: updateAppPN packageName=com.example.sign_buddy,uid=10429,installed=true
04-19 11:32:25.494  2821  2911 I MiuiCompatModePackages: package com.example.sign_buddy updated, removing config
04-19 11:32:25.494  2821  3395 D GreezeManager: uid: 10429  pkg:com.example.sign_buddy package added.
04-19 11:32:25.495  3912  3912 D CarrierSvcBindHelper: onPackageUpdateFinished: com.example.sign_buddy
04-19 11:32:25.497  3912  3912 D CarrierSvcBindHelper: onPackageModified: com.example.sign_buddy
04-19 11:32:25.498  3912  4363 D ImsResolver: maybeAddedImsService, packageName: com.example.sign_buddy
04-19 11:32:25.498  3941  3941 D Launcher.Model: LauncherAppsCallback onPackageChanged|com.example.sign_buddy|UserHandle{0}|false
04-19 11:32:25.501  2821  2821 I Telecom : CarModeTracker: Package com.example.sign_buddy is not tracked.: SSH.oR@PzA
04-19 11:32:25.503  3941  3941 D Launcher.Model: onPackageChanged: packageName = com.example.sign_buddy
04-19 11:32:25.508  7149  8394 D AppInstalledReceiver: packageName: com.example.sign_buddy
04-19 11:32:25.517  3918  3918 D ActivityThread: Package [com.example.sign_buddy] reported as REPLACED, but missing application info. Assuming REMOVED.
04-19 11:32:25.518  3941  3941 D Launcher.Model: checkWidgetBlurState: post WidgetBlurStateMessage com.example.sign_buddy
04-19 11:32:25.518  3941  3941 D Launcher.Widget: onMessageEvent: message = WidgetBlurStateMessage{packageName='com.example.sign_buddy'}
04-19 11:32:25.518  3941  3941 D Launcher.Widget: onMessageEvent: message = WidgetBlurStateMessage{packageName='com.example.sign_buddy'}
04-19 11:32:25.518  3941  3941 D Launcher.Widget: onMessageEvent: message = WidgetBlurStateMessage{packageName='com.example.sign_buddy'}
04-19 11:32:25.518  3941  3941 D Launcher.Widget: onMessageEvent: message = WidgetBlurStateMessage{packageName='com.example.sign_buddy'}
04-19 11:32:25.520  2821  3512 D ShortcutService: rescanPackageIfNeeded 0@com.example.sign_buddy, forceRescan=true , isNewApp=true
04-19 11:32:25.522  2821  3512 D ShortcutService: Package com.example.sign_buddy has 0 manifest shortcut(s), and 0 share target(s)
04-19 11:32:25.524  2821  2821 D ActivityThread: Package [com.example.sign_buddy] reported as REPLACED, but missing application info. Assuming REMOVED.
04-19 11:32:25.524  3918  3918 D MiuiClockController: receive package changed com.example.sign_buddy
04-19 11:32:25.532  3941  4059 I IconCustomizer: find better bitmap : 132, for com.example.sign_buddy
04-19 11:32:25.538  6116  1354 I GrayResultDBManager: deleteInfoByPackageName from db pkgName com.example.sign_buddy dbr 0
04-19 11:32:25.542  2821  3520 I SdkSandboxManager: No SDKs used. Skipping SDK data reconcilation for CallingInfo{mUid=10429, mPackageName='com.example.sign_buddy, mAppProcessToken='null'}
04-19 11:32:25.542  2821  3520 I SdkSandboxManager: No SDKs used. Skipping SDK data reconcilation for CallingInfo{mUid=10429, mPackageName='com.example.sign_buddy, mAppProcessToken='null'}
04-19 11:32:25.542  6116 18120 I GrayResultDBManager: deleteInfoByPackageName from db pkgName com.example.sign_buddy dbr 0
04-19 11:32:25.545  2821  3539 E AppScanObserverService: Try to add a invalid package: com.example.sign_buddy | 10429 | 0
04-19 11:32:25.557  3918  4631 D MiuiShortcut-PackageChangedManager: update success : com.example.sign_buddy
04-19 11:32:25.560  3941  4059 I IconCustomizer: find better bitmap : 156, for com.example.sign_buddy
04-19 11:32:25.562   505   505 D ActivityThread: Package [com.example.sign_buddy] reported as REPLACED, but missing application info. Assuming REMOVED.
04-19 11:32:25.562 26014 26014 D ActivityThread: Package [com.example.sign_buddy] reported as REPLACED, but missing application info. Assuming REMOVED.
04-19 11:32:25.562   806   806 D ActivityThread: Package [com.example.sign_buddy] reported as REPLACED, but missing application info. Assuming REMOVED.
04-19 11:32:25.563  4372  4372 D ActivityThread: Package [com.example.sign_buddy] reported as REPLACED, but missing application info. Assuming REMOVED.
04-19 11:32:25.563  5519  5519 D ActivityThread: Package [com.example.sign_buddy] reported as REPLACED, but missing application info. Assuming REMOVED.
04-19 11:32:25.563 23617 23617 D ActivityThread: Package [com.example.sign_buddy] reported as REPLACED, but missing application info. Assuming REMOVED.
04-19 11:32:25.564 27624 27624 D ActivityThread: Package [com.example.sign_buddy] reported as REPLACED, but missing application info. Assuming REMOVED.
04-19 11:32:25.564  5702  5702 D ActivityThread: Package [com.example.sign_buddy] reported as REPLACED, but missing application info. Assuming REMOVED.
04-19 11:32:25.564 21214 21214 D ActivityThread: Package [com.example.sign_buddy] reported as REPLACED, but missing application info. Assuming REMOVED.
04-19 11:32:25.564 21496 21496 D ActivityThread: Package [com.example.sign_buddy] reported as REPLACED, but missing application info. Assuming REMOVED.
04-19 11:32:25.564  9366  9366 D ActivityThread: Package [com.example.sign_buddy] reported as REPLACED, but missing application info. Assuming REMOVED.
04-19 11:32:25.564  6512  6512 D ActivityThread: Package [com.example.sign_buddy] reported as REPLACED, but missing application info. Assuming REMOVED.
04-19 11:32:25.565 11218 11218 D ActivityThread: Package [com.example.sign_buddy] reported as REPLACED, but missing application info. Assuming REMOVED.
04-19 11:32:25.565 10811 10811 D ActivityThread: Package [com.example.sign_buddy] reported as REPLACED, but missing application info. Assuming REMOVED.
04-19 11:32:25.565 21933 21933 D ActivityThread: Package [com.example.sign_buddy] reported as REPLACED, but missing application info. Assuming REMOVED.
04-19 11:32:25.565 22674 22674 D ActivityThread: Package [com.example.sign_buddy] reported as REPLACED, but missing application info. Assuming REMOVED.
04-19 11:32:25.565 26889 26889 D ActivityThread: Package [com.example.sign_buddy] reported as REPLACED, but missing application info. Assuming REMOVED.
04-19 11:32:25.566  8312  8312 D ActivityThread: Package [com.example.sign_buddy] reported as REPLACED, but missing application info. Assuming REMOVED.
04-19 11:32:25.566  4946  4946 D ActivityThread: Package [com.example.sign_buddy] reported as REPLACED, but missing application info. Assuming REMOVED.
04-19 11:32:25.566  5088  5088 D ActivityThread: Package [com.example.sign_buddy] reported as REPLACED, but missing application info. Assuming REMOVED.
04-19 11:32:25.566  6324  6324 D ActivityThread: Package [com.example.sign_buddy] reported as REPLACED, but missing application info. Assuming REMOVED.
04-19 11:32:25.566  7052  7052 D ActivityThread: Package [com.example.sign_buddy] reported as REPLACED, but missing application info. Assuming REMOVED.
04-19 11:32:25.566 21671 21671 D ActivityThread: Package [com.example.sign_buddy] reported as REPLACED, but missing application info. Assuming REMOVED.
04-19 11:32:25.567  6144  6144 D ActivityThread: Package [com.example.sign_buddy] reported as REPLACED, but missing application info. Assuming REMOVED.
04-19 11:32:25.567 21520 21520 D ActivityThread: Package [com.example.sign_buddy] reported as REPLACED, but missing application info. Assuming REMOVED.
04-19 11:32:25.567  6116  6116 D ActivityThread: Package [com.example.sign_buddy] reported as REPLACED, but missing application info. Assuming REMOVED.
04-19 11:32:25.567  7582  7582 D ActivityThread: Package [com.example.sign_buddy] reported as REPLACED, but missing application info. Assuming REMOVED.
04-19 11:32:25.567  9320  9320 D ActivityThread: Package [com.example.sign_buddy] reported as REPLACED, but missing application info. Assuming REMOVED.
04-19 11:32:25.567 25901 25901 D ActivityThread: Package [com.example.sign_buddy] reported as REPLACED, but missing application info. Assuming REMOVED.
04-19 11:32:25.567  7149  7149 D ActivityThread: Package [com.example.sign_buddy] reported as REPLACED, but missing application info. Assuming REMOVED.
04-19 11:32:25.567 25999 25999 D ActivityThread: Package [com.example.sign_buddy] reported as REPLACED, but missing application info. Assuming REMOVED.
04-19 11:32:25.567 10506 10506 D ActivityThread: Package [com.example.sign_buddy] reported as REPLACED, but missing application info. Assuming REMOVED.
04-19 11:32:25.567  8192  8192 D ActivityThread: Package [com.example.sign_buddy] reported as REPLACED, but missing application info. Assuming REMOVED.
04-19 11:32:25.567  4410  4410 D ActivityThread: Package [com.example.sign_buddy] reported as REPLACED, but missing application info. Assuming REMOVED.
04-19 11:32:25.567  7979  7979 D ActivityThread: Package [com.example.sign_buddy] reported as REPLACED, but missing application info. Assuming REMOVED.
04-19 11:32:25.568 17199 17199 D ActivityThread: Package [com.example.sign_buddy] reported as REPLACED, but missing application info. Assuming REMOVED.
04-19 11:32:25.569  3941  3941 D ActivityThread: Package [com.example.sign_buddy] reported as REPLACED, but missing application info. Assuming REMOVED.
04-19 11:32:25.570 26890 26890 D ActivityThread: Package [com.example.sign_buddy] reported as REPLACED, but missing application info. Assuming REMOVED.
04-19 11:32:25.572   442   442 D ActivityThread: Package [com.example.sign_buddy] reported as REPLACED, but missing application info. Assuming REMOVED.
04-19 11:32:25.575  3941  4059 I IconCustomizer: find better bitmap : 180, for com.example.sign_buddy
04-19 11:32:25.576  5687  5687 D ActivityThread: Package [com.example.sign_buddy] reported as REPLACED, but missing application info. Assuming REMOVED.
04-19 11:32:25.577  3941  4059 D IconCustomizer: Generate customized icon for com.example.sign_buddy.png, true
04-19 11:32:25.577  3941  4059 I IconCustomizer: composeIconWithTrans FullMask: for com.example.sign_buddy.png
04-19 11:32:25.582  3941  4059 D Launcher.AllAppsList: updatePackage, packageName=com.example.sign_buddy, loadMissing=false, user=UserHandle{0}, matchedSize=1
04-19 11:32:25.583  3941  4059 D Launcher.AllAppsList: updatePackage, find appInfo=AppInfo, id=-1, itemType=0, user=UserHandle{0}, mIconType=0, pkgName=com.example.sign_buddy, className=com.example.sign_buddy.MainActivity, screenId=-1, container=-1, cellX=-1, cellY=-1, spanX=1, spanY=1 from ComponentInfo{com.example.sign_buddy/com.example.sign_buddy.MainActivity}
04-19 11:32:25.585  4814  4814 D ActivityThread: Package [com.example.sign_buddy] reported as REPLACED, but missing application info. Assuming REMOVED.
04-19 11:32:25.585  7706  7706 D ActivityThread: Package [com.example.sign_buddy] reported as REPLACED, but missing application info. Assuming REMOVED.
04-19 11:32:25.586  8725  8725 D ActivityThread: Package [com.example.sign_buddy] reported as REPLACED, but missing application info. Assuming REMOVED.
04-19 11:32:25.586 17280 17280 D ActivityThread: Package [com.example.sign_buddy] reported as REPLACED, but missing application info. Assuming REMOVED.
04-19 11:32:25.586  6950  6950 D ActivityThread: Package [com.example.sign_buddy] reported as REPLACED, but missing application info. Assuming REMOVED.
04-19 11:32:25.586 22656 22656 D ActivityThread: Package [com.example.sign_buddy] reported as REPLACED, but missing application info. Assuming REMOVED.
04-19 11:32:25.586 16751 16751 D ActivityThread: Package [com.example.sign_buddy] reported as REPLACED, but missing application info. Assuming REMOVED.
04-19 11:32:25.586  4805  4805 D ActivityThread: Package [com.example.sign_buddy] reported as REPLACED, but missing application info. Assuming REMOVED.
04-19 11:32:25.587 17170 17170 D ActivityThread: Package [com.example.sign_buddy] reported as REPLACED, but missing application info. Assuming REMOVED.
04-19 11:32:25.587  5106  5106 D ActivityThread: Package [com.example.sign_buddy] reported as REPLACED, but missing application info. Assuming REMOVED.
04-19 11:32:25.587 22654 22654 D ActivityThread: Package [com.example.sign_buddy] reported as REPLACED, but missing application info. Assuming REMOVED.
04-19 11:32:25.587  5865  5865 D ActivityThread: Package [com.example.sign_buddy] reported as REPLACED, but missing application info. Assuming REMOVED.
04-19 11:32:25.587  5847  5847 D ActivityThread: Package [com.example.sign_buddy] reported as REPLACED, but missing application info. Assuming REMOVED.
04-19 11:32:25.587  5854  5854 D ActivityThread: Package [com.example.sign_buddy] reported as REPLACED, but missing application info. Assuming REMOVED.
04-19 11:32:25.587  5838  5838 D ActivityThread: Package [com.example.sign_buddy] reported as REPLACED, but missing application info. Assuming REMOVED.
04-19 11:32:25.588  5820  5820 D ActivityThread: Package [com.example.sign_buddy] reported as REPLACED, but missing application info. Assuming REMOVED.
04-19 11:32:25.588  5771  5771 D ActivityThread: Package [com.example.sign_buddy] reported as REPLACED, but missing application info. Assuming REMOVED.
04-19 11:32:25.588  1432  1432 D ActivityThread: Package [com.example.sign_buddy] reported as REPLACED, but missing application info. Assuming REMOVED.
04-19 11:32:25.588  3926  3926 D ActivityThread: Package [com.example.sign_buddy] reported as REPLACED, but missing application info. Assuming REMOVED.
04-19 11:32:25.589  5769  5769 D ActivityThread: Package [com.example.sign_buddy] reported as REPLACED, but missing application info. Assuming REMOVED.
04-19 11:32:25.589  3879  3879 D ActivityThread: Package [com.example.sign_buddy] reported as REPLACED, but missing application info. Assuming REMOVED.
04-19 11:32:25.589  3918  3918 D ActivityThread: Package [com.example.sign_buddy] reported as REPLACED, but missing application info. Assuming REMOVED.
04-19 11:32:25.589  3865  3865 D ActivityThread: Package [com.example.sign_buddy] reported as REPLACED, but missing application info. Assuming REMOVED.
04-19 11:32:25.589  3869  3869 D ActivityThread: Package [com.example.sign_buddy] reported as REPLACED, but missing application info. Assuming REMOVED.
04-19 11:32:25.589  3912  3912 D ActivityThread: Package [com.example.sign_buddy] reported as REPLACED, but missing application info. Assuming REMOVED.
04-19 11:32:25.589 17770 17770 D ActivityThread: Package [com.example.sign_buddy] reported as REPLACED, but missing application info. Assuming REMOVED.
04-19 11:32:25.590  9166  9166 D ActivityThread: Package [com.example.sign_buddy] reported as REPLACED, but missing application info. Assuming REMOVED.
04-19 11:32:25.590  3846  3846 D ActivityThread: Package [com.example.sign_buddy] reported as REPLACED, but missing application info. Assuming REMOVED.
04-19 11:32:25.590  3834  3834 D ActivityThread: Package [com.example.sign_buddy] reported as REPLACED, but missing application info. Assuming REMOVED.
04-19 11:32:25.591 21524 21524 D ActivityThread: Package [com.example.sign_buddy] reported as REPLACED, but missing application info. Assuming REMOVED.
04-19 11:32:25.591  3807  3807 D ActivityThread: Package [com.example.sign_buddy] reported as REPLACED, but missing application info. Assuming REMOVED.
04-19 11:32:25.591  5890  5890 D ActivityThread: Package [com.example.sign_buddy] reported as REPLACED, but missing application info. Assuming REMOVED.
04-19 11:32:25.592  3888  3888 D ActivityThread: Package [com.example.sign_buddy] reported as REPLACED, but missing application info. Assuming REMOVED.
04-19 11:32:25.594  3941  4059 D Launcher.Model: onReceiveBackground, mAllAppsList=add=[], remove=[], modified=[(0, AppInfo, id=-1, itemType=0, user=UserHandle{0}, mIconType=0, pkgName=com.example.sign_buddy, className=com.example.sign_buddy.MainActivity, screenId=-1, container=-1, cellX=-1, cellY=-1, spanX=1, spanY=1)]
04-19 11:32:25.596  3941  4069 W PreviewDisappear: getIcon info target: ComponentInfo{com.example.sign_buddy/com.example.sign_buddy.MainActivity}
04-19 11:32:25.596  3941  4069 W PreviewDisappear: getIcon info intent: Intent { act=android.intent.action.MAIN cat=[android.intent.category.LAUNCHER] flg=0x10200000 cmp=com.example.sign_buddy/.MainActivity (has extras) }
04-19 11:32:25.596  2821  2821 W AlarmManager: Package com.example.sign_buddy, uid 10429 lost permission to set exact alarms!
04-19 11:32:25.596  2821  2821 D ActivityThread: Package [com.example.sign_buddy] reported as REPLACED, but missing application info. Assuming REMOVED.
04-19 11:32:25.622 17301 17301 D ActivityThread: Package [com.example.sign_buddy] reported as REPLACED, but missing application info. Assuming REMOVED.
04-19 11:32:25.654 17301 17301 D MST_PackageCache: onPackageAdded:com.example.sign_buddy
04-19 11:32:25.682 17301 17301 D MST_PackageCache: onPackageReplaced:com.example.sign_buddy
04-19 11:32:25.684 17301 17301 D ActivityThread: Package [com.example.sign_buddy] reported as REPLACED, but missing application info. Assuming REMOVED.
04-19 11:32:25.735  3941  3965 W com.miui.home: ApkAssets: Deleting an ApkAssets object '<empty> and /data/app/~~q2ElhPevCGYu5Aj5ovtVlQ==/com.example.sign_buddy-DCO01BU-9qxVrSr3DytCZw==/base.apk' with 1 weak references
04-19 11:32:25.929  2821  2860 W system_server: ApkAssets: Deleting an ApkAssets object '<empty> and /data/app/~~q2ElhPevCGYu5Aj5ovtVlQ==/com.example.sign_buddy-DCO01BU-9qxVrSr3DytCZw==/base.apk' with 1 weak references
04-19 11:32:25.940  3941  4021 E InstallApkReceiver: uninstall:package:com.example.sign_buddy
04-19 11:32:25.940  3941  4021 E InstallApkReceiver: install:package:com.example.sign_buddy
04-19 11:32:25.958  5854 10932 W SQLiteLog: (28) double-quoted string literal: "com.example.sign_buddy"
04-19 11:32:25.987  4410  8719 D ContactDirectoryManager: onPackageChanged,updateDirectoriesForPackage, packageName:com.example.sign_buddy
04-19 11:32:26.008 10811 10811 D AppFinder:AppFinderLoadModel: package removed received com.example.sign_buddy
04-19 11:32:26.013 10811 10811 I PackageInstallReceiver: action = android.intent.action.PACKAGE_REMOVED packageName = com.example.sign_buddy
04-19 11:32:26.013 10811 11047 D AppFinder:PackageUpdatedTask: Removing app iconcom.example.sign_buddy
04-19 11:32:26.018 10811 10811 I PackageInstallReceiver: action = android.intent.action.PACKAGE_ADDED packageName = com.example.sign_buddy
04-19 11:32:26.018 10811 10811 I PackageInstallReceiver: action = android.intent.action.PACKAGE_REPLACED packageName = com.example.sign_buddy
04-19 11:32:26.028  2821  4877 D ShortcutService: Getting shortcuts for launcher= com.mi.globalminusscreenuser=0 pkg=com.example.sign_buddy
04-19 11:32:26.028  2821  4877 D ShortcutService: getShortcutsInnerLocked() returned empty results because com.example.sign_buddy isn't loaded
04-19 11:32:26.037  4410  8719 D ContactDirectoryManager: onPackageChanged,updateDirectoriesForPackage, packageName:com.example.sign_buddy
04-19 11:32:26.038  4410  8719 D ContactDirectoryManager: onPackageChanged,updateDirectoriesForPackage, packageName:com.example.sign_buddy
04-19 11:32:26.073  4372  8723 I ProximityAuth: [RecentAppsMediator] Package added: (user=UserHandle{0}) com.example.sign_buddy
04-19 11:32:26.075  8725  8905 D AppOpsCompat: Checking auto-start restriction for package: com.example.sign_buddy
04-19 11:32:26.107  5854 10932 W SQLiteLog: (28) double-quoted string literal: "com.example.sign_buddy"
04-19 11:32:26.111  6512  6512 I Finsky  : [2] AIM: AppInfoCacheUpdater -> invalidating apps: [com.example.sign_buddy]
04-19 11:32:26.163  6512  6814 I Finsky  : [136] AIM: AppInfoManager-Perf > OnDeviceAppInfo > cacheHitCount=0, cacheMissCount=1. Missed  in cache (limit 10) : [com.example.sign_buddy]
04-19 11:32:26.234  8660  8660 I SafetyLabelChangedBroadcastReceiver: received broadcast packageName: com.example.sign_buddy, current user: UserHandle{0}, packageChangeEvent: UPDATE, intent user: UserHandle{0}
04-19 11:32:26.241  7582  7628 I Finsky:background: [131] IQ:PSL: skipping onPackageRemoved(replacing=true) for untracked package=com.example.sign_buddy
04-19 11:32:26.293  6512  6814 I IconCustomizer: find better bitmap : 132, for com.example.sign_buddy
04-19 11:32:26.296  8638  8639 I artd    : GetBestInfo: /data/app/~~q2ElhPevCGYu5Aj5ovtVlQ==/com.example.sign_buddy-DCO01BU-9qxVrSr3DytCZw==/base.apk has no usable artifacts
04-19 11:32:26.347  6512  6814 I IconCustomizer: find better bitmap : 156, for com.example.sign_buddy
04-19 11:32:26.350  6512  6814 I IconCustomizer: find better bitmap : 180, for com.example.sign_buddy
04-19 11:32:26.419  2821  6345 E WindowManager: setClientVisible ActivityRecord{14db10e u0 com.example.sign_buddy/.MainActivity true
04-19 11:32:26.424  2821  6345 D WindowManager: Collecting in transition 581: ActivityRecord{14db10e u0 com.example.sign_buddy/.MainActivity t-1} init visibleRequested:false
04-19 11:32:26.427  2821  6345 D MiGgameTypeIdentificationImpl: checkIfGameBeSupported app:com.example.sign_buddy
04-19 11:32:26.427  2821  6345 I WindowManager: When perf version exceed 2.3, MiGTStub result: false, gameType: 2, packageName: com.example.sign_buddy
04-19 11:32:26.427  2821  6345 D MiGgameTypeIdentificationImpl: checkIfGameBeSupported app:com.example.sign_buddy
04-19 11:32:26.433  2821  6345 D WindowManager: setLockTaskAuth: task=Task{ac7b74b #10510 type=standard A=10429:com.example.sign_buddy} mLockTaskAuth=LOCK_TASK_AUTH_PINNABLE
04-19 11:32:26.433  2821  6345 D WindowManager: Collecting in transition 581: Task{ac7b74b #10510 type=standard A=10429:com.example.sign_buddy} init visibleRequested:false
04-19 11:32:26.440  2821  6345 D WindowManager: setLockTaskAuth: task=Task{ac7b74b #10510 type=standard A=10429:com.example.sign_buddy} mLockTaskAuth=LOCK_TASK_AUTH_PINNABLE
04-19 11:32:26.446  2821  6345 D MiuiFreeFormManagerService: onStartActivityInner as = Task{ac7b74b #10510 type=standard A=10429:com.example.sign_buddy} op = null
04-19 11:32:26.448  2821  6345 I WindowManager: Disable startingWindow, because the display is not ready. this = ActivityRecord{14db10e u0 com.example.sign_buddy/.MainActivity t10510}
04-19 11:32:26.451  2821  6345 I AppsFilter: interaction: PackageSetting{4852885 com.example.signbuddy/10399} -> PackageSetting{9f95bd4 com.example.sign_buddy/10429} BLOCKED
04-19 11:32:26.451  2821  6345 I AppsFilter: interaction: PackageSetting{703b70b com.android.microdroid.empty_payload/10386} -> PackageSetting{9f95bd4 com.example.sign_buddy/10429} BLOCKED
04-19 11:32:26.451  2821  6345 I AppsFilter: interaction: PackageSetting{bdc79e8 com.example.productivityapp/10326} -> PackageSetting{9f95bd4 com.example.sign_buddy/10429} BLOCKED
04-19 11:32:26.451  2821  6345 I AppsFilter: interaction: PackageSetting{b74c801 com.example.my_app/10233} -> PackageSetting{9f95bd4 com.example.sign_buddy/10429} BLOCKED
04-19 11:32:26.451  2821  6345 I AppsFilter: interaction: PackageSetting{76fa6a6 com.example.task9/10419} -> PackageSetting{9f95bd4 com.example.sign_buddy/10429} BLOCKED
04-19 11:32:26.451  2821  6345 I AppsFilter: interaction: PackageSetting{9b4b8e7 com.example.quiz1/10388} -> PackageSetting{9f95bd4 com.example.sign_buddy/10429} BLOCKED
04-19 11:32:26.451  2821  6345 I AppsFilter: interaction: PackageSetting{bf34c94 com.example.task3_interactive_gallery/10038} -> PackageSetting{9f95bd4 com.example.sign_buddy/10429} BLOCKED
04-19 11:32:26.468  2821  6345 D WindowManager: Collecting in transition 581: ActivityRecord{14db10e u0 com.example.sign_buddy/.MainActivity t10510} init visibleRequested:false
04-19 11:32:26.470  3918  4035 I SoScStageCoordinator: Transition requested:TransitionRequestInfo { type = OPEN, triggerTask = TaskInfo{userId=0 taskId=10510 displayId=0 isRunning=true baseIntent=Intent { act=android.intent.action.MAIN cat=[android.intent.category.LAUNCHER] flg=0x30000000 cmp=com.example.sign_buddy/.MainActivity } baseActivity=ComponentInfo{com.example.sign_buddy/com.example.sign_buddy.MainActivity} topActivity=ComponentInfo{com.example.sign_buddy/com.example.sign_buddy.MainActivity} origActivity=null realActivity=ComponentInfo{com.example.sign_buddy/com.example.sign_buddy.MainActivity} numActivities=1 lastActiveTime=83241535 supportsSplitScreenMultiWindow=true supportsMultiWindow=true resizeMode=1 isResizeable=true minWidth=-1 minHeight=-1 defaultMinSize=200 token=WCT{android.window.IWindowContainerToken$Stub$Proxy@33e00c0} topActivityType=1 pictureInPictureParams=null shouldDockBigOverlays=false launchIntoPipHostTaskId=-1 lastParentTaskIdBeforePip=-1 displayCutoutSafeInsets=Rect(0, 94 - 0, 0) topActivityInfo=ActivityInfo{a2101f9 com.example.sign_buddy.MainActivity} launchCookies=[] positionInParent=Point(0, 0) parentTaskId=-1 isFocused=false isVisible=false isVisibleRequested=false isSleeping=true locusId=null displayAreaFeatureId=1 isTopActivityTransparent=false appCompatTaskInfo=AppCompatTaskInfo { topActivityInSizeCompat=false topActivityInMiuiSizeCompat=false topActivityEligibleForLetterboxEducation= falseisLetterboxEducationEnabled= false isLetterboxDoubleTapEnabled= false topActivityEligibleForUserAspectRatioButton= false topActivityBoundsLetterboxed= false isFromLetterboxDoubleTap= false topActivityLetterboxVerticalPosition= -1 topActivityLetterboxHorizontalPosition= -1 topActivityLetterboxWidth=1080 topActivityLetterboxHeight=2400 isUserFullscreenOverrideEnabled=false isSystemFullscreenOverrideEnabled=false cameraCompatTaskInfo=CameraCompatTaskInfo { cameraCompatControlState=hidden freeformCameraCompatMode=inactive}} isImmersive=false mTopActivityRequestOrientation=-2 mBehindAppLockPkg=null mOriginatingUid=0 isEmbedded=false shouldBeVisible=true mIsCastMode=false mTopActivityMediaSize=null mTopActivityRecordName=ActivityRecord{14db10e u0 com.example.sign_buddy/.MainActivity t10510} mTopActivityOrientation=-2}, pipTask = null, remoteTransition = null, displayChange = null, flags = 0, debugId = 581 } isSoScActive:false triggerTask:TaskInfo{userId=0 taskId=10510 displayId=0 isRunning=true baseIntent=Intent { act=android.intent.action.MAIN cat=[android.intent.category.LAUNCHER] flg=0x30000000 cmp=com.example.sign_buddy/.MainActivity } baseActivity=ComponentInfo{com.example.sign_buddy/com.example.sign_buddy.MainActivity} topActivity=ComponentInfo{com.example.sign_buddy/com.example.sign_buddy.MainActivity} origActivity=null realActivity=ComponentInfo{com.example.sign_buddy/com.example.sign_buddy.MainActivity} numActivities=1 lastActiveTime=83241535 supportsSplitScreenMultiWindow=true supportsMultiWindow=true resizeMode=1 isResizeable=true minWidth=-1 minHeight=-1 defaultMinSize=200 token=WCT{android.window.IWindowContainerToken$Stub$Proxy@33e00c0} topActivityType=1 pictureInPictureParams=null shouldDockBigOverlays=false launchIntoPipHostTaskId=-1 lastParentTaskIdBeforePip=-1 displayCutoutSafeInsets=Rect(0, 94 - 0, 0) topActivityInfo=ActivityInfo{a2101f9 com.example.sign_buddy.MainActivity} launchCookies=[] positionInParent=Point(0, 0) parentTaskId=-1 isFocused=false isVisible=false isVisibleRequested=false isSleeping=true locusId=null displayAreaFeatureId=1 isTopActivityTransparent=false appCompatTaskInfo=AppCompatTaskInfo { topActivityInSizeCompat=false topActivityInMiuiSizeCompat=false topActivityEligibleForLetterboxEducation= falseisLetterboxEducationEnabled= false isLetterboxDoubleTapEnabled= false topActivityEligibleForUserAspectRatioButton= false topActivityBoundsLetterboxed= false isFromLetterboxDoubleTap= false topActivityLetterboxVerticalPosition= -1 topActivityLetterboxHorizontalPosition= -1 topActivityLetterboxWidth=1080 topActivityLetterboxHeight=2400 isUserFullscreenOverrideEnabled=false isS
04-19 11:32:26.470  2821  6345 I ActivityTaskManager: START u0 {act=android.intent.action.MAIN cat=[android.intent.category.LAUNCHER] flg=0x30000000 cmp=com.example.sign_buddy/.MainActivity (has extras)} with LAUNCH_SINGLE_TOP from uid 2000 from pid 8793 callingPackage com.android.shell (BAL_ALLOW_PERMISSION) result code=0
04-19 11:32:26.471  3834  3928 I DynamicDDSService: handleMessage(ACTIVITY_INVOKE{appInfo=com.example.sign_buddy isFullScreen=}true)
04-19 11:32:26.478  6512  6512 I Finsky  : [2] AIM: AppInfoCacheUpdater -> invalidating apps: [com.example.sign_buddy]
04-19 11:32:26.483  3918  3918 D KeyguardEditorHelper: onTopActivityMayChanged, topActivity=ComponentInfo{com.example.sign_buddy/com.example.sign_buddy.MainActivity}; mState=IDEL
04-19 11:32:26.507  3941  5503 W RecentsModel: getRunningTask   taskInfo=TaskInfo{userId=0 taskId=10510 displayId=0 isRunning=true baseIntent=Intent { act=android.intent.action.MAIN cat=[android.intent.category.LAUNCHER] flg=0x30000000 cmp=com.example.sign_buddy/.MainActivity } baseActivity=ComponentInfo{com.example.sign_buddy/com.example.sign_buddy.MainActivity} topActivity=ComponentInfo{com.example.sign_buddy/com.example.sign_buddy.MainActivity} origActivity=null realActivity=ComponentInfo{com.example.sign_buddy/com.example.sign_buddy.MainActivity} numActivities=1 lastActiveTime=83241535 supportsSplitScreenMultiWindow=true supportsMultiWindow=true resizeMode=1 isResizeable=true minWidth=-1 minHeight=-1 defaultMinSize=200 token=WCT{android.window.IWindowContainerToken$Stub$Proxy@7c58e6b} topActivityType=1 pictureInPictureParams=null shouldDockBigOverlays=false launchIntoPipHostTaskId=-1 lastParentTaskIdBeforePip=-1 displayCutoutSafeInsets=Rect(0, 94 - 0, 0) topActivityInfo=ActivityInfo{2446dc8 com.example.sign_buddy.MainActivity} launchCookies=[] positionInParent=Point(0, 0) parentTaskId=-1 isFocused=false isVisible=false isVisibleRequested=false isSleeping=true locusId=null displayAreaFeatureId=1 isTopActivityTransparent=false appCompatTaskInfo=AppCompatTaskInfo { topActivityInSizeCompat=false topActivityInMiuiSizeCompat=false topActivityEligibleForLetterboxEducation= falseisLetterboxEducationEnabled= false isLetterboxDoubleTapEnabled= false topActivityEligibleForUserAspectRatioButton= false topActivityBoundsLetterboxed= false isFromLetterboxDoubleTap= false topActivityLetterboxVerticalPosition= -1 topActivityLetterboxHorizontalPosition= -1 topActivityLetterboxWidth=1080 topActivityLetterboxHeight=2400 isUserFullscreenOverrideEnabled=false isSystemFullscreenOverrideEnabled=false cameraCompatTaskInfo=CameraCompatTaskInfo { cameraCompatControlState=hidden freeformCameraCompatMode=inactive}} isImmersive=false mTopActivityRequestOrientation=-2 mBehindAppLockPkg=null mOriginatingUid=0 isEmbedded=false shouldBeVisible=true mIsCastMode=false mTopActivityMediaSize=null mTopActivityRecordName=ActivityRecord{14db10e u0 com.example.sign_buddy/.MainActivity t10510} mTopActivityOrientation=-2}
04-19 11:32:26.515  3941  5503 E ActivityManagerWrapper:  mainTaskId=10510   userId=0   windowMode=1   baseIntent=Intent { act=android.intent.action.MAIN flag=805306368 cmp=ComponentInfo{com.example.sign_buddy/com.example.sign_buddy.MainActivity} }
04-19 11:32:26.518  3941  5503 D RecentsTaskLoader: reloadTasksData [TaskKey{id=10510, stackId=0, baseIntent=Intent { act=android.intent.action.MAIN cat=[android.intent.category.LAUNCHER] flg=0x30000000 cmp=com.example.sign_buddy/.MainActivity }, userId=0, lastActiveTime=83241535, windowingMode=1, isThumbnailBlur=false, isAccessLocked=false, isScreening=false, topActivity=ComponentInfo{com.example.sign_buddy/com.example.sign_buddy.MainActivity}, mHashCode=314026962}, title=sign_buddy, titleDescription=sign_buddy, bounds=null, isLaunchTarget=true, isStackTask=true, isSystemApp=false, isDockable=true, baseActivity=ComponentInfo{com.example.sign_buddy/com.example.sign_buddy.MainActivity}, isLocked=false, mNeedHide=false, hasMultipleTasks=false, cti1Key=, cti2Key=] 
04-19 11:32:26.521  6512  6813 I Finsky  : [135] AIM: AppInfoManager-Perf > OnDeviceAppInfo > cacheHitCount=0, cacheMissCount=1. Missed  in cache (limit 10) : [com.example.sign_buddy]
04-19 11:32:26.540  8814  8814 E Zygote  : process_name_ptr:8814 com.example.sign_buddy
04-19 11:32:26.540  8814  8814 E Zygote  : SetMemoryProtected process_name_ptr:8814 com.example.sign_buddy
04-19 11:32:26.544  2821  2915 I ActivityManager: Start proc 8814:com.example.sign_buddy/u0a429 for top-activity {com.example.sign_buddy/com.example.sign_buddy.MainActivity} caller=com.android.shell
04-19 11:32:26.566  8814  8814 I mple.sign_buddy: Late-enabling -Xcheck:jni
04-19 11:32:26.590  6512  6814 D IconCustomizer: Generate customized icon for com.example.sign_buddy.png, true
04-19 11:32:26.590  6512  6814 I IconCustomizer: composeIconWithTrans FullMask: for com.example.sign_buddy.png
04-19 11:32:26.592  8665  8665 I PI-ScanDispatch: service bind, pkgName = com.example.sign_buddy, installer = null, isReplace = true, firstGoogleTime = 1705747766661
04-19 11:32:26.636  8638  8639 I artd    : GetBestInfo: /data/app/~~q2ElhPevCGYu5Aj5ovtVlQ==/com.example.sign_buddy-DCO01BU-9qxVrSr3DytCZw==/base.apk has no usable artifacts
04-19 11:32:26.665  8814  8814 I mple.sign_buddy: Using CollectorTypeCMC GC.
04-19 11:32:26.786  2821  4133 I SmartPower: com.example.sign_buddy/10429(8814): died->invisible(31612048ms) R(process start ) adj=-10000.
04-19 11:32:26.880  8814  8814 D ActivityThread: setEmbeddedParam packageName=com.example.sign_buddy processName=com.example.sign_buddy isEmbedded=false isIsolated=false
04-19 11:32:26.964 26890  8744 W SQLiteLog: (28) double-quoted string literal: "com.example.sign_buddy"
04-19 11:32:27.548  8814  8814 D nativeloader: Configuring clns-7 for other apk /data/app/~~q2ElhPevCGYu5Aj5ovtVlQ==/com.example.sign_buddy-DCO01BU-9qxVrSr3DytCZw==/base.apk. target_sdk_version=36, uses_libraries=libOpenCL.so, library_path=/data/app/~~q2ElhPevCGYu5Aj5ovtVlQ==/com.example.sign_buddy-DCO01BU-9qxVrSr3DytCZw==/lib/arm64:/data/app/~~q2ElhPevCGYu5Aj5ovtVlQ==/com.example.sign_buddy-DCO01BU-9qxVrSr3DytCZw==/base.apk!/lib/arm64-v8a, permitted_path=/data:/mnt/expand:/data/user/0/com.example.sign_buddy
04-19 11:32:27.569  2821  4877 I UiModeManager: systemserver package:com.example.sign_buddy null
04-19 11:32:27.569  8814  8814 I ForceDarkHelperStubImpl: initialize for com.example.sign_buddy , ForceDarkAppConfig: null
04-19 11:32:27.630  6512  6536 W android.vending: ApkAssets: Deleting an ApkAssets object '<empty> and /data/app/~~q2ElhPevCGYu5Aj5ovtVlQ==/com.example.sign_buddy-DCO01BU-9qxVrSr3DytCZw==/base.apk' with 1 weak references
04-19 11:32:27.655  2821  4213 I ClipboardServiceI: checkProviderWakePathForClipboard: com.example.sign_buddyis not a activePermissionOwner
04-19 11:32:27.673  2821  3434 D CameraBlackCoveredManager: mForegroundPackage = com.example.sign_buddy mOccupiedPackage = com.android.camera
04-19 11:32:27.673  9320 13103 D PerfEngineController: ForegroundInfo{mForegroundPackageName='com.example.sign_buddy', mForegroundUid=10429, mForegroundPid=8814, mLastForegroundPackageName='com.miui.home', mLastForegroundUid=10145, mLastForegroundPid=3941, mMultiWindowForegroundPackageName='com.example.sign_buddy', mMultiWindowForegroundUid=10429, mFlags=1}
04-19 11:32:27.674  2821  2895 I BLASTSyncEngine: SyncGroup 581:  Unfinished container:ActivityRecord{14db10e u0 com.example.sign_buddy/.MainActivity t10510}
04-19 11:32:27.674  2821  2895 I BLASTSyncEngine: isActivitySyncFinished isSyncFinished false ActivityRecord{14db10e u0 com.example.sign_buddy/.MainActivity t10510}
04-19 11:32:27.677  9320 10690 D DFS-AppUsageTracker: Fg changed, new=com.example.sign_buddy, but charging.
04-19 11:32:27.681  7149 16680 I ProcessMonitor: onForegroundInfoChanged: ForegroundInfo{mForegroundPackageName='com.example.sign_buddy', mForegroundUid=10429, mForegroundPid=8814, mLastForegroundPackageName='com.miui.home', mLastForegroundUid=10145, mLastForegroundPid=3941, mMultiWindowForegroundPackageName='com.example.sign_buddy', mMultiWindowForegroundUid=10429, mFlags=1}
04-19 11:32:27.685  9366  9385 I GST     : forePkg: com.example.sign_buddy, preForePkg: com.miui.home
04-19 11:32:27.889  9366  9577 I HeavyPackageIdentify: splitMode: false, splitPackages: null, foregroundPkg: com.example.sign_buddy
04-19 11:32:27.983  8814  8937 D nativeloader: Load /data/app/~~q2ElhPevCGYu5Aj5ovtVlQ==/com.example.sign_buddy-DCO01BU-9qxVrSr3DytCZw==/base.apk!/lib/arm64-v8a/libflutter.so using class loader ns clns-7 (caller=/data/app/~~q2ElhPevCGYu5Aj5ovtVlQ==/com.example.sign_buddy-DCO01BU-9qxVrSr3DytCZw==/base.apk!classes15.dex): ok
04-19 11:32:28.172  2821  2894 W ActivityTaskManager: Activity top resumed state loss timeout for ActivityRecord{14db10e u0 com.example.sign_buddy/.MainActivity t10510}
04-19 11:32:28.172  2821  2894 W ActivityTaskManager: Activity pause timeout for ActivityRecord{14db10e u0 com.example.sign_buddy/.MainActivity t10510}
04-19 11:32:29.479  2821  3588 D BaselineProfile: com.example.sign_buddy exception:android.os.DeadObjectException
04-19 11:32:30.048  8814  8814 W mple.sign_buddy: type=1400 audit(0.0:73120): avc:  denied  { read } for  name="max_map_count" dev="proc" ino=4731363 scontext=u:r:untrusted_app:s0:c173,c257,c512,c768 tcontext=u:object_r:proc_max_map_count:s0 tclass=file permissive=0 app=com.example.sign_buddy
04-19 11:32:30.246  8814  8948 D vulkan  : searching for layers in '/data/app/~~q2ElhPevCGYu5Aj5ovtVlQ==/com.example.sign_buddy-DCO01BU-9qxVrSr3DytCZw==/lib/arm64'
04-19 11:32:30.247  8814  8948 D vulkan  : searching for layers in '/data/app/~~q2ElhPevCGYu5Aj5ovtVlQ==/com.example.sign_buddy-DCO01BU-9qxVrSr3DytCZw==/base.apk!/lib/arm64-v8a'
04-19 11:32:30.264  8814  8948 D vulkan  : added global layer 'VK_LAYER_KHRONOS_validation' from library '/data/app/~~q2ElhPevCGYu5Aj5ovtVlQ==/com.example.sign_buddy-DCO01BU-9qxVrSr3DytCZw==/base.apk!/lib/arm64-v8a/libVkLayer_khronos_validation.so'
04-19 11:32:31.428  2821  2894 I BLASTSyncEngine: Unfinished container: ActivityRecord{14db10e u0 com.example.sign_buddy/.MainActivity t10510}
04-19 11:32:31.429  2821  2894 I BLASTSyncEngine:   UnknownAppVisibility: app=ActivityRecord{14db10e u0 com.example.sign_buddy/.MainActivity t10510} state=1
04-19 11:32:31.456  2821  3745 I Transition: finishTransition: updateLastSurfacePosition tf=Task{ac7b74b #10510 type=standard A=10429:com.example.sign_buddy}
04-19 11:32:31.468  3834  3928 I DynamicDDSService: handleMessage(ACTIVITY_SUSPEND{appInfo=com.example.sign_buddy isFullScreen=}true)
04-19 11:32:31.487  1827  1827 E MI-SF   : MiSurfaceFlingerImpl.cpp.vsyncId=6771608, oldVsyncId=6771607, layerName=8dad72f ActivityRecordInputSink com.example.sign_buddy/.MainActivity#7652
04-19 11:32:31.905  8814  8814 D nativeloader: Load /data/app/~~q2ElhPevCGYu5Aj5ovtVlQ==/com.example.sign_buddy-DCO01BU-9qxVrSr3DytCZw==/base.apk!/lib/arm64-v8a/libdartjni.so using class loader ns clns-7 (caller=/data/app/~~q2ElhPevCGYu5Aj5ovtVlQ==/com.example.sign_buddy-DCO01BU-9qxVrSr3DytCZw==/base.apk!classes8.dex): ok
04-19 11:32:31.957  8814  8814 E MP_DEBUG: Model NOT FOUND
04-19 11:32:32.056  8814  8814 D nativeloader: Load /data/app/~~q2ElhPevCGYu5Aj5ovtVlQ==/com.example.sign_buddy-DCO01BU-9qxVrSr3DytCZw==/base.apk!/lib/arm64-v8a/libmediapipe_tasks_vision_jni.so using class loader ns clns-7 (caller=/data/app/~~q2ElhPevCGYu5Aj5ovtVlQ==/com.example.sign_buddy-DCO01BU-9qxVrSr3DytCZw==/base.apk!classes16.dex): ok
04-19 11:32:32.359  8814  8814 F libc    : Fatal signal 11 (SIGSEGV), code 1 (SEGV_MAPERR), fault addr 0x0 in tid 8814 (mple.sign_buddy), pid 8814 (mple.sign_buddy)
04-19 11:32:34.369  9011  9011 F DEBUG   : Cmdline: com.example.sign_buddy
04-19 11:32:34.369  9011  9011 F DEBUG   : pid: 8814, tid: 8814, name: mple.sign_buddy  >>> com.example.sign_buddy <<<
04-19 11:32:34.370  9011  9011 F DEBUG   :       #01 pc 0000000000616f24  /data/app/~~q2ElhPevCGYu5Aj5ovtVlQ==/com.example.sign_buddy-DCO01BU-9qxVrSr3DytCZw==/base.apk (offset 0x3c6c000)
04-19 11:32:34.370  9011  9011 F DEBUG   :       #02 pc 000000000050f688  /data/app/~~q2ElhPevCGYu5Aj5ovtVlQ==/com.example.sign_buddy-DCO01BU-9qxVrSr3DytCZw==/base.apk (offset 0x3c6c000)
04-19 11:32:34.371  9011  9011 F DEBUG   :       #03 pc 000000000050f56c  /data/app/~~q2ElhPevCGYu5Aj5ovtVlQ==/com.example.sign_buddy-DCO01BU-9qxVrSr3DytCZw==/base.apk (offset 0x3c6c000)
04-19 11:32:34.371  9011  9011 F DEBUG   :       #04 pc 00000000004d2a50  /data/app/~~q2ElhPevCGYu5Aj5ovtVlQ==/com.example.sign_buddy-DCO01BU-9qxVrSr3DytCZw==/base.apk (offset 0x3c6c000)
04-19 11:32:34.371  9011  9011 F DEBUG   :       #05 pc 000000000016266c  /data/app/~~q2ElhPevCGYu5Aj5ovtVlQ==/com.example.sign_buddy-DCO01BU-9qxVrSr3DytCZw==/base.apk (offset 0x3c6c000)
04-19 11:32:34.371  9011  9011 F DEBUG   :       #06 pc 00000000001616f8  /data/app/~~q2ElhPevCGYu5Aj5ovtVlQ==/com.example.sign_buddy-DCO01BU-9qxVrSr3DytCZw==/base.apk (offset 0x3c6c000)
04-19 11:32:34.371  9011  9011 F DEBUG   :       #07 pc 000000000056c368  /data/app/~~q2ElhPevCGYu5Aj5ovtVlQ==/com.example.sign_buddy-DCO01BU-9qxVrSr3DytCZw==/base.apk (offset 0x3c6c000)
04-19 11:32:34.371  9011  9011 F DEBUG   :       #08 pc 000000000056aa6c  /data/app/~~q2ElhPevCGYu5Aj5ovtVlQ==/com.example.sign_buddy-DCO01BU-9qxVrSr3DytCZw==/base.apk (offset 0x3c6c000)
04-19 11:32:34.371  9011  9011 F DEBUG   :       #09 pc 0000000000562e7c  /data/app/~~q2ElhPevCGYu5Aj5ovtVlQ==/com.example.sign_buddy-DCO01BU-9qxVrSr3DytCZw==/base.apk (offset 0x3c6c000)
04-19 11:32:34.371  9011  9011 F DEBUG   :       #10 pc 0000000000562768  /data/app/~~q2ElhPevCGYu5Aj5ovtVlQ==/com.example.sign_buddy-DCO01BU-9qxVrSr3DytCZw==/base.apk (offset 0x3c6c000)
04-19 11:32:34.371  9011  9011 F DEBUG   :       #11 pc 0000000000515678  /data/app/~~q2ElhPevCGYu5Aj5ovtVlQ==/com.example.sign_buddy-DCO01BU-9qxVrSr3DytCZw==/base.apk (offset 0x3c6c000)
04-19 11:32:34.371  9011  9011 F DEBUG   :       #12 pc 00000000005137d4  /data/app/~~q2ElhPevCGYu5Aj5ovtVlQ==/com.example.sign_buddy-DCO01BU-9qxVrSr3DytCZw==/base.apk (offset 0x3c6c000)
04-19 11:32:34.371  9011  9011 F DEBUG   :       #13 pc 00000000004dc814  /data/app/~~q2ElhPevCGYu5Aj5ovtVlQ==/com.example.sign_buddy-DCO01BU-9qxVrSr3DytCZw==/base.apk (offset 0x3c6c000)
04-19 11:32:34.371  9011  9011 F DEBUG   :       #14 pc 00000000004dcfa0  /data/app/~~q2ElhPevCGYu5Aj5ovtVlQ==/com.example.sign_buddy-DCO01BU-9qxVrSr3DytCZw==/base.apk (offset 0x3c6c000)
04-19 11:32:34.371  9011  9011 F DEBUG   :       #15 pc 00000000004dff44  /data/app/~~q2ElhPevCGYu5Aj5ovtVlQ==/com.example.sign_buddy-DCO01BU-9qxVrSr3DytCZw==/base.apk (offset 0x3c6c000) (Java_com_google_mediapipe_framework_Graph_nativeStartRunningGraph+292)
04-19 11:32:34.372  9011  9011 F DEBUG   :       #22 pc 000000000012ed8c  [anon:dalvik-classes16.dex extracted in memory from /data/app/~~q2ElhPevCGYu5Aj5ovtVlQ==/com.example.sign_buddy-DCO01BU-9qxVrSr3DytCZw==/base.apk] (com.google.mediapipe.framework.Graph.startRunningGraph+0)
04-19 11:32:34.372  9011  9011 F DEBUG   :       #27 pc 000000000015eb30  [anon:dalvik-classes16.dex extracted in memory from /data/app/~~q2ElhPevCGYu5Aj5ovtVlQ==/com.example.sign_buddy-DCO01BU-9qxVrSr3DytCZw==/base.apk] (com.google.mediapipe.tasks.core.TaskRunner.create+0)
04-19 11:32:34.373  9011  9011 F DEBUG   :       #32 pc 0000000000187970  [anon:dalvik-classes16.dex extracted in memory from /data/app/~~q2ElhPevCGYu5Aj5ovtVlQ==/com.example.sign_buddy-DCO01BU-9qxVrSr3DytCZw==/base.apk] (com.google.mediapipe.tasks.vision.handlandmarker.HandLandmarker.createFromOptions+0)
04-19 11:32:34.373  9011  9011 F DEBUG   :       #37 pc 0000000000000c30  [anon:dalvik-classes14.dex extracted in memory from /data/app/~~q2ElhPevCGYu5Aj5ovtVlQ==/com.example.sign_buddy-DCO01BU-9qxVrSr3DytCZw==/base.apk] (com.example.sign_buddy.MediaPipeChannel.setupLandmarker+0)
04-19 11:32:34.374  9011  9011 F DEBUG   :       #42 pc 0000000000000ae0  [anon:dalvik-classes14.dex extracted in memory from /data/app/~~q2ElhPevCGYu5Aj5ovtVlQ==/com.example.sign_buddy-DCO01BU-9qxVrSr3DytCZw==/base.apk] (com.example.sign_buddy.MediaPipeChannel.<init>+0)
04-19 11:32:34.374  9011  9011 F DEBUG   :       #47 pc 00000000000008e0  [anon:dalvik-classes14.dex extracted in memory from /data/app/~~q2ElhPevCGYu5Aj5ovtVlQ==/com.example.sign_buddy-DCO01BU-9qxVrSr3DytCZw==/base.apk] (com.example.sign_buddy.MainActivity.configureFlutterEngine+0)
04-19 11:32:34.375  9011  9011 F DEBUG   :       #52 pc 0000000000236878  [anon:dalvik-classes16.dex extracted in memory from /data/app/~~q2ElhPevCGYu5Aj5ovtVlQ==/com.example.sign_buddy-DCO01BU-9qxVrSr3DytCZw==/base.apk] (io.flutter.embedding.android.FlutterActivityAndFragmentDelegate.onAttach+0)
04-19 11:32:34.375  9011  9011 F DEBUG   :       #57 pc 0000000000237e5c  [anon:dalvik-classes16.dex extracted in memory from /data/app/~~q2ElhPevCGYu5Aj5ovtVlQ==/com.example.sign_buddy-DCO01BU-9qxVrSr3DytCZw==/base.apk] (io.flutter.embedding.android.FlutterActivity.onCreate+0)
04-19 11:32:34.579  2821  9015 W ActivityTaskManager:   Force finishing activity com.example.sign_buddy/.MainActivity
04-19 11:32:34.591  2821  9015 D MiuiFreeFormGestureController: deliverResultForFinishActivity resultTo: null resultFrom: ActivityRecord{14db10e u0 com.example.sign_buddy/.MainActivity t10510 f}} isInVideoOrGameScene: false intent: Intent { act=android.intent.action.MAIN cat=[android.intent.category.LAUNCHER] flg=0x30000000 cmp=com.example.sign_buddy/.MainActivity (has extras) }
04-19 11:32:34.592  2821  9015 D WindowManager: Collecting in transition 582: Task{ac7b74b #10510 type=standard A=10429:com.example.sign_buddy} init visibleRequested:false
04-19 11:32:34.609  3834  4887 W DynamicDDSService: appName is not found in cache: com.example.sign_buddy
04-19 11:32:34.622  7149  7207 I ProcessMonitor: onForegroundInfoChanged: ForegroundInfo{mForegroundPackageName='com.miui.home', mForegroundUid=10145, mForegroundPid=3941, mLastForegroundPackageName='com.example.sign_buddy', mLastForegroundUid=10429, mLastForegroundPid=8814, mMultiWindowForegroundPackageName='com.miui.home', mMultiWindowForegroundUid=10145, mFlags=0}
